
Copyright (C) 1994-2021 Synopsys, Inc.
This Synopsys software and all associated documentation are proprietary to Synopsys, Inc.
and may only be used pursuant to the terms and conditions of a written license agreement
with Synopsys, Inc. All other use, reproduction, modification, or distribution of the
Synopsys software or the associated documentation is strictly prohibited.
Tool: Synplify Pro (R)
Build: R-2021.03L-SP1-1
Install: C:\lscc\diamond\3.12\synpbase
OS: Windows 6.2

Hostname: L-EQSS42R

Implementation : ae53
Synopsys HDL compiler and linker, Version comp202103synp2, Build 222R, Built Dec 22 2021 00:18:12, @

Modified Files: 88
FID:  path (prevtimestamp, timestamp)
0        C:\lscc\diamond\3.12\synpbase\lib\lucent\ecp5um.v (N/A, 2021-12-22 09:23:26)
1        C:\lscc\diamond\3.12\synpbase\lib\lucent\pmi_def.v (N/A, 2021-12-22 09:23:28)
2        C:\lscc\diamond\3.12\synpbase\lib\vhd2008\arith.vhd (N/A, 2021-12-22 09:09:40)
3        C:\lscc\diamond\3.12\synpbase\lib\vhd2008\location.map (N/A, 2021-12-22 09:09:41)
4        C:\lscc\diamond\3.12\synpbase\lib\vhd2008\numeric.vhd (N/A, 2021-12-22 09:26:52)
5        C:\lscc\diamond\3.12\synpbase\lib\vhd2008\std.vhd (N/A, 2021-12-22 09:09:41)
6        C:\lscc\diamond\3.12\synpbase\lib\vhd2008\std1164.vhd (N/A, 2021-12-22 09:09:41)
7        C:\lscc\diamond\3.12\synpbase\lib\vhd2008\std_textio.vhd (N/A, 2021-12-22 09:09:41)
8        C:\lscc\diamond\3.12\synpbase\lib\vhd2008\unsigned.vhd (N/A, 2021-12-22 09:09:41)
9        C:\lscc\diamond\3.12\synpbase\lib\vhd\hyperents.vhd (N/A, 2021-12-22 09:09:40)
10       C:\lscc\diamond\3.12\synpbase\lib\vhd\math_real.vhd (N/A, 2021-12-22 09:26:49)
11       C:\lscc\diamond\3.12\synpbase\lib\vhd\snps_haps_pkg.vhd (N/A, 2021-12-22 09:09:40)
12       C:\lscc\diamond\3.12\synpbase\lib\vhd\umr_capim.vhd (N/A, 2021-12-22 09:09:40)
13       C:\lscc\diamond\3.12\synpbase\lib\vlog\hypermods.v (N/A, 2021-12-22 09:09:40)
14       C:\lscc\diamond\3.12\synpbase\lib\vlog\scemi_objects.v (N/A, 2021-12-22 09:09:40)
15       C:\lscc\diamond\3.12\synpbase\lib\vlog\scemi_pipes.svh (N/A, 2021-12-22 09:09:40)
16       C:\lscc\diamond\3.12\synpbase\lib\vlog\umr_capim.v (N/A, 2021-12-22 09:09:40)
17       C:\project\ECP5_Wishbone\soc\common\packages\tspc_pcisig_types\vhdl\tspc_pcisig_types-p.vhd (N/A, 2022-02-27 17:17:00)
18       C:\project\ECP5_Wishbone\soc\common\packages\tspc_pcisig_types\vhdl\tspc_pcisig_types-pb.vhd (N/A, 2022-02-27 17:17:00)
19       C:\project\ECP5_Wishbone\soc\common\packages\tspc_utils\vhdl\tspc_utils-p.vhd (N/A, 2022-02-27 17:17:00)
20       C:\project\ECP5_Wishbone\soc\common\packages\tspc_utils\vhdl\tspc_utils-pb.vhd (N/A, 2022-02-27 17:17:00)
21       C:\project\ECP5_Wishbone\soc\common\packages\tspc_wbone_types\vhdl\tspc_wbone_types-p.vhd (N/A, 2022-02-27 17:17:00)
22       C:\project\ECP5_Wishbone\soc\common\units\tspc_cdc_sig\vhdl\tspc_cdc_sig-a_rtl.vhd (N/A, 2022-02-27 17:17:00)
23       C:\project\ECP5_Wishbone\soc\common\units\tspc_cdc_sig\vhdl\tspc_cdc_sig-e.vhd (N/A, 2022-02-27 17:17:00)
24       C:\project\ECP5_Wishbone\soc\common\units\tspc_fifo_ctl_sync\vhdl\tspc_fifo_ctl_sync-a_rtl.vhd (N/A, 2022-02-27 17:17:00)
25       C:\project\ECP5_Wishbone\soc\common\units\tspc_fifo_ctl_sync\vhdl\tspc_fifo_ctl_sync-e.vhd (N/A, 2022-02-27 17:17:00)
26       C:\project\ECP5_Wishbone\soc\common\units\tspc_fifo_sync\tech\vhdl\tspc_fifo_sync_mem-a_rtl.vhd (N/A, 2022-02-27 17:17:00)
27       C:\project\ECP5_Wishbone\soc\common\units\tspc_fifo_sync\tech\vhdl\tspc_fifo_sync_mem-e.vhd (N/A, 2022-02-27 17:17:00)
28       C:\project\ECP5_Wishbone\soc\common\units\tspc_fifo_sync\top\vhdl\tspc_fifo_sync-a_rtl.vhd (N/A, 2022-02-27 17:17:00)
29       C:\project\ECP5_Wishbone\soc\common\units\tspc_fifo_sync\top\vhdl\tspc_fifo_sync-e.vhd (N/A, 2022-02-27 17:17:00)
30       C:\project\ECP5_Wishbone\soc\common\units\tspc_fifo_sync\top\vhdl\tspc_fifo_sync_comps-p.vhd (N/A, 2022-02-27 17:17:00)
31       C:\project\ECP5_Wishbone\soc\config\vhdl\config_ae53_ecp5-p.vhd (N/A, 2022-02-27 17:17:00)
32       C:\project\ECP5_Wishbone\soc\top\core_ae53\vhdl\core_ae53-a_rtl.vhd (N/A, 2022-02-27 17:16:59)
33       C:\project\ECP5_Wishbone\soc\top\core_ae53\vhdl\core_ae53-e.vhd (N/A, 2022-02-27 17:16:59)
34       C:\project\ECP5_Wishbone\soc\top\core_ae53\vhdl\core_ae53_comps-p.vhd (N/A, 2022-02-27 17:16:59)
35       C:\project\ECP5_Wishbone\soc\top\core_ae53\vhdl\core_ae53_exports-p.vhd (N/A, 2022-02-27 17:16:59)
36       C:\project\ECP5_Wishbone\soc\top\versa_ecp5\vhdl\versa_ecp5-a_rtl.vhd (N/A, 2022-02-27 17:16:59)
37       C:\project\ECP5_Wishbone\soc\top\versa_ecp5\vhdl\versa_ecp5-e.vhd (N/A, 2022-02-27 17:16:59)
38       C:\project\ECP5_Wishbone\soc\units\pcie_rsrc_decode\vhdl\pcie_rsrc_decode-a_rtl.vhd (N/A, 2022-02-27 17:16:59)
39       C:\project\ECP5_Wishbone\soc\units\pcie_rsrc_decode\vhdl\pcie_rsrc_decode-e.vhd (N/A, 2022-02-27 17:16:59)
40       C:\project\ECP5_Wishbone\soc\units\pcie_subsys\top\vhdl\pcie_subsys-a_rtl.vhd (N/A, 2022-02-27 17:17:00)
41       C:\project\ECP5_Wishbone\soc\units\pcie_subsys\top\vhdl\pcie_subsys-e.vhd (N/A, 2022-02-27 17:16:59)
42       C:\project\ECP5_Wishbone\soc\units\pcie_subsys\top\vhdl\pcie_subsys_comps-p.vhd (N/A, 2022-02-27 17:16:59)
43       C:\project\ECP5_Wishbone\soc\units\pcie_subsys\units\lscc_pcie_x1_ip\vhdl\lscc_pcie_x1_ip-a_rtl.vhd (N/A, 2022-02-27 17:17:00)
44       C:\project\ECP5_Wishbone\soc\units\pcie_subsys\units\lscc_pcie_x1_ip\vhdl\lscc_pcie_x1_ip-e.vhd (N/A, 2022-02-27 17:17:00)
45       C:\project\ECP5_Wishbone\soc\units\pcie_subsys\units\rx_rsl\vhdl\rx_rsl.vhd (N/A, 2022-02-27 17:17:00)
46       C:\project\ECP5_Wishbone\soc\units\pcie_subsys\units\tsls_wb_pcie_to_b4sq\top\vhdl\tsls_wb_pcie_to_b4sq-a_rtl.vhd (N/A, 2022-02-27 17:17:00)
47       C:\project\ECP5_Wishbone\soc\units\pcie_subsys\units\tsls_wb_pcie_to_b4sq\top\vhdl\tsls_wb_pcie_to_b4sq-e.vhd (N/A, 2022-02-27 17:17:00)
48       C:\project\ECP5_Wishbone\soc\units\pcie_subsys\units\tsls_wb_pcie_to_b4sq\top\vhdl\tsls_wb_pcie_to_b4sq_comps-p.vhd (N/A, 2022-02-27 17:17:00)
49       C:\project\ECP5_Wishbone\soc\units\pcie_subsys\units\tsls_wb_pcie_to_b4sq\units\b4sq_credit_config\vlog\b4sq_credit_config.v (N/A, 2022-02-27 17:17:00)
50       C:\project\ECP5_Wishbone\soc\units\pcie_subsys\units\tsls_wb_pcie_to_b4sq\units\b4sq_pcie_svc\vhdl\b4sq_pcie_svc-a_rtl.vhd (N/A, 2022-02-27 17:17:00)
51       C:\project\ECP5_Wishbone\soc\units\pcie_subsys\units\tsls_wb_pcie_to_b4sq\units\b4sq_pcie_svc\vhdl\b4sq_pcie_svc-e.vhd (N/A, 2022-02-27 17:17:00)
52       C:\project\ECP5_Wishbone\soc\units\pcie_subsys\units\tsls_wb_pcie_to_b4sq\units\b4sq_pkt_decode\vhdl\b4sq_pkt_decode-a_rtl.vhd (N/A, 2022-02-27 17:17:00)
53       C:\project\ECP5_Wishbone\soc\units\pcie_subsys\units\tsls_wb_pcie_to_b4sq\units\b4sq_pkt_decode\vhdl\b4sq_pkt_decode-e.vhd (N/A, 2022-02-27 17:17:00)
54       C:\project\ECP5_Wishbone\soc\units\pcie_subsys\units\tsls_wb_pcie_to_b4sq\units\b4sq_pkt_rx_fifo\vhdl\b4sq_pkt_rx_fifo-a_rtl.vhd (N/A, 2022-02-27 17:17:00)
55       C:\project\ECP5_Wishbone\soc\units\pcie_subsys\units\tsls_wb_pcie_to_b4sq\units\b4sq_pkt_rx_fifo\vhdl\b4sq_pkt_rx_fifo-e.vhd (N/A, 2022-02-27 17:17:00)
56       C:\project\ECP5_Wishbone\soc\units\pcie_subsys\units\tsls_wb_pcie_to_b4sq\units\b4sq_pkt_rx_fifo\vhdl\b4sq_pkt_rx_fifo_comps-p.vhd (N/A, 2022-02-27 17:17:00)
57       C:\project\ECP5_Wishbone\soc\units\pcie_subsys\units\tsls_wb_pcie_to_b4sq\units\b4sq_pkt_rx_fifo\vhdl\b4sq_pkt_rx_fifo_istage-a_rtl.vhd (N/A, 2022-02-27 17:17:00)
58       C:\project\ECP5_Wishbone\soc\units\pcie_subsys\units\tsls_wb_pcie_to_b4sq\units\b4sq_pkt_rx_fifo\vhdl\b4sq_pkt_rx_fifo_istage-e.vhd (N/A, 2022-02-27 17:17:00)
59       C:\project\ECP5_Wishbone\soc\units\pcie_subsys\units\tsls_wb_pcie_to_b4sq\units\b4sq_tlp_xmitter\vhdl\b4sq_tlp_arbiter-a_rtl.vhd (N/A, 2022-02-27 17:17:00)
60       C:\project\ECP5_Wishbone\soc\units\pcie_subsys\units\tsls_wb_pcie_to_b4sq\units\b4sq_tlp_xmitter\vhdl\b4sq_tlp_arbiter-e.vhd (N/A, 2022-02-27 17:17:00)
61       C:\project\ECP5_Wishbone\soc\units\pcie_subsys\units\tsls_wb_pcie_to_b4sq\units\b4sq_tlp_xmitter\vhdl\b4sq_tlp_queue-a_rtl.vhd (N/A, 2022-02-27 17:17:00)
62       C:\project\ECP5_Wishbone\soc\units\pcie_subsys\units\tsls_wb_pcie_to_b4sq\units\b4sq_tlp_xmitter\vhdl\b4sq_tlp_queue-e.vhd (N/A, 2022-02-27 17:17:00)
63       C:\project\ECP5_Wishbone\soc\units\pcie_subsys\units\tsls_wb_pcie_to_b4sq\units\b4sq_tlp_xmitter\vhdl\b4sq_tlp_queue_comps-p.vhd (N/A, 2022-02-27 17:17:00)
64       C:\project\ECP5_Wishbone\soc\units\pcie_subsys\units\tsls_wb_pcie_to_b4sq\units\b4sq_tlp_xmitter\vhdl\b4sq_tlp_queue_ctl-a_rtl.vhd (N/A, 2022-02-27 17:17:00)
65       C:\project\ECP5_Wishbone\soc\units\pcie_subsys\units\tsls_wb_pcie_to_b4sq\units\b4sq_tlp_xmitter\vhdl\b4sq_tlp_queue_ctl-e.vhd (N/A, 2022-02-27 17:17:00)
66       C:\project\ECP5_Wishbone\soc\units\pcie_subsys\units\tsls_wb_pcie_to_b4sq\units\b4sq_tlp_xmitter\vhdl\b4sq_tlp_xmitter-a_rtl.vhd (N/A, 2022-02-27 17:17:00)
67       C:\project\ECP5_Wishbone\soc\units\pcie_subsys\units\tsls_wb_pcie_to_b4sq\units\b4sq_tlp_xmitter\vhdl\b4sq_tlp_xmitter-e.vhd (N/A, 2022-02-27 17:17:00)
68       C:\project\ECP5_Wishbone\soc\units\pcie_subsys\units\tsls_wb_pcie_to_b4sq\units\b4sq_tlp_xmitter\vhdl\b4sq_tlp_xmitter_comps-p.vhd (N/A, 2022-02-27 17:17:00)
69       C:\project\ECP5_Wishbone\soc\units\pcie_subsys\units\tsls_wb_pcie_to_b4sq\units\b4sq_tlp_xmitter\vhdl\b4sq_tlp_xmitter_globals-p.vhd (N/A, 2022-02-27 17:17:00)
70       C:\project\ECP5_Wishbone\soc\units\tsls_wb_bmram\top\vhdl\tsls_wb_bmram-a_rtl.vhd (N/A, 2022-02-27 17:17:00)
71       C:\project\ECP5_Wishbone\soc\units\tsls_wb_bmram\top\vhdl\tsls_wb_bmram-e.vhd (N/A, 2022-02-27 17:17:00)
72       C:\project\ECP5_Wishbone\soc\units\tsls_wb_bmram\units\tspc_wb_ebr_ctl\vhdl\tspc_wb_ebr_ctl-a_rtl.vhd (N/A, 2022-02-27 17:17:00)
73       C:\project\ECP5_Wishbone\soc\units\tsls_wb_bmram\units\tspc_wb_ebr_ctl\vhdl\tspc_wb_ebr_ctl-e.vhd (N/A, 2022-02-27 17:17:00)
74       C:\project\ECP5_Wishbone\soc\units\tspc_rtc\vhdl\tspc_rtc-a_rtl.vhd (N/A, 2022-02-27 17:17:00)
75       C:\project\ECP5_Wishbone\soc\units\tspc_rtc\vhdl\tspc_rtc-e.vhd (N/A, 2022-02-27 17:17:00)
76       C:\project\ECP5_Wishbone\soc_impl\common\packages\tspc_wbone_types\mti\tspc_wbone_types-pb.vhd (N/A, 2022-02-27 17:16:58)
77       C:\project\ECP5_Wishbone\work\clarity\versa_ecp5\pcie_x1_e5\pcie_x1_e5.v (N/A, 2022-02-27 17:24:34)
78       C:\project\ECP5_Wishbone\work\clarity\versa_ecp5\pcie_x1_e5\x_cref\x_cref.v (N/A, 2022-02-27 17:22:14)
79       C:\project\ECP5_Wishbone\work\clarity\versa_ecp5\pcie_x1_e5\x_pcie\pcie_eval\models\ecp5um\x_pcie_ctc.v (N/A, 2022-02-27 17:22:23)
80       C:\project\ECP5_Wishbone\work\clarity\versa_ecp5\pcie_x1_e5\x_pcie\pcie_eval\models\ecp5um\x_pcie_pcs.v (N/A, 2022-02-27 17:16:58)
81       C:\project\ECP5_Wishbone\work\clarity\versa_ecp5\pcie_x1_e5\x_pcie\pcie_eval\models\ecp5um\x_pcie_pcs_softlogic.v (N/A, 2022-02-27 17:22:23)
82       C:\project\ECP5_Wishbone\work\clarity\versa_ecp5\pcie_x1_e5\x_pcie\pcie_eval\models\ecp5um\x_pcie_phy.v (N/A, 2022-02-27 17:22:23)
83       C:\project\ECP5_Wishbone\work\clarity\versa_ecp5\pcie_x1_e5\x_pcie\pcie_eval\models\ecp5um\x_pcie_pipe.v (N/A, 2022-02-27 17:22:23)
84       C:\project\ECP5_Wishbone\work\clarity\versa_ecp5\pcie_x1_e5\x_pcie\pcie_eval\models\ecp5um\x_pcie_sync1s.v (N/A, 2022-02-27 17:22:23)
85       C:\project\ECP5_Wishbone\work\clarity\versa_ecp5\pcie_x1_e5\x_pcie\pcie_eval\x_pcie\src\params\pci_exp_params.v (N/A, 2022-02-27 17:22:14)
86       C:\project\ECP5_Wishbone\work\clarity\versa_ecp5\pcie_x1_e5\x_pcie\x_pcie.v (N/A, 2022-02-27 17:22:23)
87       C:\project\ECP5_Wishbone\work\clarity\versa_ecp5\pcie_x1_e5\x_pcie\x_pcie_core_bb.v (N/A, 2022-02-27 17:22:23)

*******************************************************************
Modules that may have changed as a result of file changes: 34
MID:  lib.cell.view
0        work.b4sq_credit_config.verilog may have changed because the following files changed:
                        C:\project\ECP5_Wishbone\soc\top\core_ae53\vhdl\core_ae53-a_rtl.vhd (N/A, 2022-02-27 17:16:59) <-- (may instantiate this module)
                        C:\project\ECP5_Wishbone\soc\top\core_ae53\vhdl\core_ae53-e.vhd (N/A, 2022-02-27 17:16:59) <-- (may instantiate this module)
                        C:\project\ECP5_Wishbone\soc\top\versa_ecp5\vhdl\versa_ecp5-a_rtl.vhd (N/A, 2022-02-27 17:16:59) <-- (may instantiate this module)
                        C:\project\ECP5_Wishbone\soc\top\versa_ecp5\vhdl\versa_ecp5-e.vhd (N/A, 2022-02-27 17:16:59) <-- (may instantiate this module)
                        C:\project\ECP5_Wishbone\soc\units\pcie_subsys\top\vhdl\pcie_subsys-a_rtl.vhd (N/A, 2022-02-27 17:17:00) <-- (may instantiate this module)
                        C:\project\ECP5_Wishbone\soc\units\pcie_subsys\top\vhdl\pcie_subsys-e.vhd (N/A, 2022-02-27 17:16:59) <-- (may instantiate this module)
                        C:\project\ECP5_Wishbone\soc\units\pcie_subsys\units\tsls_wb_pcie_to_b4sq\top\vhdl\tsls_wb_pcie_to_b4sq-a_rtl.vhd (N/A, 2022-02-27 17:17:00) <-- (may instantiate this module)
                        C:\project\ECP5_Wishbone\soc\units\pcie_subsys\units\tsls_wb_pcie_to_b4sq\units\b4sq_credit_config\vlog\b4sq_credit_config.v (N/A, 2022-02-27 17:17:00) <-- (module definition)
1        work.b4sq_pcie_svc.rtl may have changed because the following files changed:
                        C:\project\ECP5_Wishbone\soc\top\core_ae53\vhdl\core_ae53-a_rtl.vhd (N/A, 2022-02-27 17:16:59) <-- (may instantiate this module)
                        C:\project\ECP5_Wishbone\soc\top\core_ae53\vhdl\core_ae53-e.vhd (N/A, 2022-02-27 17:16:59) <-- (may instantiate this module)
                        C:\project\ECP5_Wishbone\soc\top\versa_ecp5\vhdl\versa_ecp5-a_rtl.vhd (N/A, 2022-02-27 17:16:59) <-- (may instantiate this module)
                        C:\project\ECP5_Wishbone\soc\top\versa_ecp5\vhdl\versa_ecp5-e.vhd (N/A, 2022-02-27 17:16:59) <-- (may instantiate this module)
                        C:\project\ECP5_Wishbone\soc\units\pcie_subsys\top\vhdl\pcie_subsys-a_rtl.vhd (N/A, 2022-02-27 17:17:00) <-- (may instantiate this module)
                        C:\project\ECP5_Wishbone\soc\units\pcie_subsys\top\vhdl\pcie_subsys-e.vhd (N/A, 2022-02-27 17:16:59) <-- (may instantiate this module)
                        C:\project\ECP5_Wishbone\soc\units\pcie_subsys\units\tsls_wb_pcie_to_b4sq\top\vhdl\tsls_wb_pcie_to_b4sq-a_rtl.vhd (N/A, 2022-02-27 17:17:00) <-- (may instantiate this module)
                        C:\project\ECP5_Wishbone\soc\units\pcie_subsys\units\tsls_wb_pcie_to_b4sq\top\vhdl\tsls_wb_pcie_to_b4sq-e.vhd (N/A, 2022-02-27 17:17:00) <-- (may instantiate this module)
                        C:\project\ECP5_Wishbone\soc\units\pcie_subsys\units\tsls_wb_pcie_to_b4sq\units\b4sq_pcie_svc\vhdl\b4sq_pcie_svc-a_rtl.vhd (N/A, 2022-02-27 17:17:00) <-- (architecture definition)
3        work.b4sq_pkt_decode.rtl may have changed because the following files changed:
                        C:\project\ECP5_Wishbone\soc\top\core_ae53\vhdl\core_ae53-a_rtl.vhd (N/A, 2022-02-27 17:16:59) <-- (may instantiate this module)
                        C:\project\ECP5_Wishbone\soc\top\core_ae53\vhdl\core_ae53-e.vhd (N/A, 2022-02-27 17:16:59) <-- (may instantiate this module)
                        C:\project\ECP5_Wishbone\soc\top\versa_ecp5\vhdl\versa_ecp5-a_rtl.vhd (N/A, 2022-02-27 17:16:59) <-- (may instantiate this module)
                        C:\project\ECP5_Wishbone\soc\top\versa_ecp5\vhdl\versa_ecp5-e.vhd (N/A, 2022-02-27 17:16:59) <-- (may instantiate this module)
                        C:\project\ECP5_Wishbone\soc\units\pcie_subsys\top\vhdl\pcie_subsys-a_rtl.vhd (N/A, 2022-02-27 17:17:00) <-- (may instantiate this module)
                        C:\project\ECP5_Wishbone\soc\units\pcie_subsys\top\vhdl\pcie_subsys-e.vhd (N/A, 2022-02-27 17:16:59) <-- (may instantiate this module)
                        C:\project\ECP5_Wishbone\soc\units\pcie_subsys\units\tsls_wb_pcie_to_b4sq\top\vhdl\tsls_wb_pcie_to_b4sq-a_rtl.vhd (N/A, 2022-02-27 17:17:00) <-- (may instantiate this module)
                        C:\project\ECP5_Wishbone\soc\units\pcie_subsys\units\tsls_wb_pcie_to_b4sq\top\vhdl\tsls_wb_pcie_to_b4sq-e.vhd (N/A, 2022-02-27 17:17:00) <-- (may instantiate this module)
                        C:\project\ECP5_Wishbone\soc\units\pcie_subsys\units\tsls_wb_pcie_to_b4sq\units\b4sq_pkt_decode\vhdl\b4sq_pkt_decode-a_rtl.vhd (N/A, 2022-02-27 17:17:00) <-- (architecture definition)
5        work.b4sq_pkt_rx_fifo.rtl may have changed because the following files changed:
                        C:\project\ECP5_Wishbone\soc\top\core_ae53\vhdl\core_ae53-a_rtl.vhd (N/A, 2022-02-27 17:16:59) <-- (may instantiate this module)
                        C:\project\ECP5_Wishbone\soc\top\core_ae53\vhdl\core_ae53-e.vhd (N/A, 2022-02-27 17:16:59) <-- (may instantiate this module)
                        C:\project\ECP5_Wishbone\soc\top\versa_ecp5\vhdl\versa_ecp5-a_rtl.vhd (N/A, 2022-02-27 17:16:59) <-- (may instantiate this module)
                        C:\project\ECP5_Wishbone\soc\top\versa_ecp5\vhdl\versa_ecp5-e.vhd (N/A, 2022-02-27 17:16:59) <-- (may instantiate this module)
                        C:\project\ECP5_Wishbone\soc\units\pcie_subsys\top\vhdl\pcie_subsys-a_rtl.vhd (N/A, 2022-02-27 17:17:00) <-- (may instantiate this module)
                        C:\project\ECP5_Wishbone\soc\units\pcie_subsys\top\vhdl\pcie_subsys-e.vhd (N/A, 2022-02-27 17:16:59) <-- (may instantiate this module)
                        C:\project\ECP5_Wishbone\soc\units\pcie_subsys\units\tsls_wb_pcie_to_b4sq\top\vhdl\tsls_wb_pcie_to_b4sq-a_rtl.vhd (N/A, 2022-02-27 17:17:00) <-- (may instantiate this module)
                        C:\project\ECP5_Wishbone\soc\units\pcie_subsys\units\tsls_wb_pcie_to_b4sq\top\vhdl\tsls_wb_pcie_to_b4sq-e.vhd (N/A, 2022-02-27 17:17:00) <-- (may instantiate this module)
                        C:\project\ECP5_Wishbone\soc\units\pcie_subsys\units\tsls_wb_pcie_to_b4sq\units\b4sq_pkt_rx_fifo\vhdl\b4sq_pkt_rx_fifo-a_rtl.vhd (N/A, 2022-02-27 17:17:00) <-- (architecture definition)
7        work.b4sq_pkt_rx_fifo_istage.rtl may have changed because the following files changed:
                        C:\project\ECP5_Wishbone\soc\top\core_ae53\vhdl\core_ae53-a_rtl.vhd (N/A, 2022-02-27 17:16:59) <-- (may instantiate this module)
                        C:\project\ECP5_Wishbone\soc\top\core_ae53\vhdl\core_ae53-e.vhd (N/A, 2022-02-27 17:16:59) <-- (may instantiate this module)
                        C:\project\ECP5_Wishbone\soc\top\versa_ecp5\vhdl\versa_ecp5-a_rtl.vhd (N/A, 2022-02-27 17:16:59) <-- (may instantiate this module)
                        C:\project\ECP5_Wishbone\soc\top\versa_ecp5\vhdl\versa_ecp5-e.vhd (N/A, 2022-02-27 17:16:59) <-- (may instantiate this module)
                        C:\project\ECP5_Wishbone\soc\units\pcie_subsys\top\vhdl\pcie_subsys-a_rtl.vhd (N/A, 2022-02-27 17:17:00) <-- (may instantiate this module)
                        C:\project\ECP5_Wishbone\soc\units\pcie_subsys\top\vhdl\pcie_subsys-e.vhd (N/A, 2022-02-27 17:16:59) <-- (may instantiate this module)
                        C:\project\ECP5_Wishbone\soc\units\pcie_subsys\units\tsls_wb_pcie_to_b4sq\top\vhdl\tsls_wb_pcie_to_b4sq-a_rtl.vhd (N/A, 2022-02-27 17:17:00) <-- (may instantiate this module)
                        C:\project\ECP5_Wishbone\soc\units\pcie_subsys\units\tsls_wb_pcie_to_b4sq\top\vhdl\tsls_wb_pcie_to_b4sq-e.vhd (N/A, 2022-02-27 17:17:00) <-- (may instantiate this module)
                        C:\project\ECP5_Wishbone\soc\units\pcie_subsys\units\tsls_wb_pcie_to_b4sq\units\b4sq_pkt_rx_fifo\vhdl\b4sq_pkt_rx_fifo-a_rtl.vhd (N/A, 2022-02-27 17:17:00) <-- (may instantiate this module)
                        C:\project\ECP5_Wishbone\soc\units\pcie_subsys\units\tsls_wb_pcie_to_b4sq\units\b4sq_pkt_rx_fifo\vhdl\b4sq_pkt_rx_fifo-e.vhd (N/A, 2022-02-27 17:17:00) <-- (may instantiate this module)
                        C:\project\ECP5_Wishbone\soc\units\pcie_subsys\units\tsls_wb_pcie_to_b4sq\units\b4sq_pkt_rx_fifo\vhdl\b4sq_pkt_rx_fifo_istage-a_rtl.vhd (N/A, 2022-02-27 17:17:00) <-- (architecture definition)
9        work.b4sq_tlp_arbiter.rtl may have changed because the following files changed:
                        C:\project\ECP5_Wishbone\soc\top\core_ae53\vhdl\core_ae53-a_rtl.vhd (N/A, 2022-02-27 17:16:59) <-- (may instantiate this module)
                        C:\project\ECP5_Wishbone\soc\top\core_ae53\vhdl\core_ae53-e.vhd (N/A, 2022-02-27 17:16:59) <-- (may instantiate this module)
                        C:\project\ECP5_Wishbone\soc\top\versa_ecp5\vhdl\versa_ecp5-a_rtl.vhd (N/A, 2022-02-27 17:16:59) <-- (may instantiate this module)
                        C:\project\ECP5_Wishbone\soc\top\versa_ecp5\vhdl\versa_ecp5-e.vhd (N/A, 2022-02-27 17:16:59) <-- (may instantiate this module)
                        C:\project\ECP5_Wishbone\soc\units\pcie_subsys\top\vhdl\pcie_subsys-a_rtl.vhd (N/A, 2022-02-27 17:17:00) <-- (may instantiate this module)
                        C:\project\ECP5_Wishbone\soc\units\pcie_subsys\top\vhdl\pcie_subsys-e.vhd (N/A, 2022-02-27 17:16:59) <-- (may instantiate this module)
                        C:\project\ECP5_Wishbone\soc\units\pcie_subsys\units\tsls_wb_pcie_to_b4sq\top\vhdl\tsls_wb_pcie_to_b4sq-a_rtl.vhd (N/A, 2022-02-27 17:17:00) <-- (may instantiate this module)
                        C:\project\ECP5_Wishbone\soc\units\pcie_subsys\units\tsls_wb_pcie_to_b4sq\top\vhdl\tsls_wb_pcie_to_b4sq-e.vhd (N/A, 2022-02-27 17:17:00) <-- (may instantiate this module)
                        C:\project\ECP5_Wishbone\soc\units\pcie_subsys\units\tsls_wb_pcie_to_b4sq\units\b4sq_tlp_xmitter\vhdl\b4sq_tlp_arbiter-a_rtl.vhd (N/A, 2022-02-27 17:17:00) <-- (architecture definition)
                        C:\project\ECP5_Wishbone\soc\units\pcie_subsys\units\tsls_wb_pcie_to_b4sq\units\b4sq_tlp_xmitter\vhdl\b4sq_tlp_xmitter-a_rtl.vhd (N/A, 2022-02-27 17:17:00) <-- (may instantiate this module)
                        C:\project\ECP5_Wishbone\soc\units\pcie_subsys\units\tsls_wb_pcie_to_b4sq\units\b4sq_tlp_xmitter\vhdl\b4sq_tlp_xmitter-e.vhd (N/A, 2022-02-27 17:17:00) <-- (may instantiate this module)
11       work.b4sq_tlp_queue.rtl may have changed because the following files changed:
                        C:\project\ECP5_Wishbone\soc\top\core_ae53\vhdl\core_ae53-a_rtl.vhd (N/A, 2022-02-27 17:16:59) <-- (may instantiate this module)
                        C:\project\ECP5_Wishbone\soc\top\core_ae53\vhdl\core_ae53-e.vhd (N/A, 2022-02-27 17:16:59) <-- (may instantiate this module)
                        C:\project\ECP5_Wishbone\soc\top\versa_ecp5\vhdl\versa_ecp5-a_rtl.vhd (N/A, 2022-02-27 17:16:59) <-- (may instantiate this module)
                        C:\project\ECP5_Wishbone\soc\top\versa_ecp5\vhdl\versa_ecp5-e.vhd (N/A, 2022-02-27 17:16:59) <-- (may instantiate this module)
                        C:\project\ECP5_Wishbone\soc\units\pcie_subsys\top\vhdl\pcie_subsys-a_rtl.vhd (N/A, 2022-02-27 17:17:00) <-- (may instantiate this module)
                        C:\project\ECP5_Wishbone\soc\units\pcie_subsys\top\vhdl\pcie_subsys-e.vhd (N/A, 2022-02-27 17:16:59) <-- (may instantiate this module)
                        C:\project\ECP5_Wishbone\soc\units\pcie_subsys\units\tsls_wb_pcie_to_b4sq\top\vhdl\tsls_wb_pcie_to_b4sq-a_rtl.vhd (N/A, 2022-02-27 17:17:00) <-- (may instantiate this module)
                        C:\project\ECP5_Wishbone\soc\units\pcie_subsys\units\tsls_wb_pcie_to_b4sq\top\vhdl\tsls_wb_pcie_to_b4sq-e.vhd (N/A, 2022-02-27 17:17:00) <-- (may instantiate this module)
                        C:\project\ECP5_Wishbone\soc\units\pcie_subsys\units\tsls_wb_pcie_to_b4sq\units\b4sq_tlp_xmitter\vhdl\b4sq_tlp_queue-a_rtl.vhd (N/A, 2022-02-27 17:17:00) <-- (architecture definition)
                        C:\project\ECP5_Wishbone\soc\units\pcie_subsys\units\tsls_wb_pcie_to_b4sq\units\b4sq_tlp_xmitter\vhdl\b4sq_tlp_xmitter-a_rtl.vhd (N/A, 2022-02-27 17:17:00) <-- (may instantiate this module)
                        C:\project\ECP5_Wishbone\soc\units\pcie_subsys\units\tsls_wb_pcie_to_b4sq\units\b4sq_tlp_xmitter\vhdl\b4sq_tlp_xmitter-e.vhd (N/A, 2022-02-27 17:17:00) <-- (may instantiate this module)
13       work.b4sq_tlp_queue_ctl.rtl may have changed because the following files changed:
                        C:\project\ECP5_Wishbone\soc\top\core_ae53\vhdl\core_ae53-a_rtl.vhd (N/A, 2022-02-27 17:16:59) <-- (may instantiate this module)
                        C:\project\ECP5_Wishbone\soc\top\core_ae53\vhdl\core_ae53-e.vhd (N/A, 2022-02-27 17:16:59) <-- (may instantiate this module)
                        C:\project\ECP5_Wishbone\soc\top\versa_ecp5\vhdl\versa_ecp5-a_rtl.vhd (N/A, 2022-02-27 17:16:59) <-- (may instantiate this module)
                        C:\project\ECP5_Wishbone\soc\top\versa_ecp5\vhdl\versa_ecp5-e.vhd (N/A, 2022-02-27 17:16:59) <-- (may instantiate this module)
                        C:\project\ECP5_Wishbone\soc\units\pcie_subsys\top\vhdl\pcie_subsys-a_rtl.vhd (N/A, 2022-02-27 17:17:00) <-- (may instantiate this module)
                        C:\project\ECP5_Wishbone\soc\units\pcie_subsys\top\vhdl\pcie_subsys-e.vhd (N/A, 2022-02-27 17:16:59) <-- (may instantiate this module)
                        C:\project\ECP5_Wishbone\soc\units\pcie_subsys\units\tsls_wb_pcie_to_b4sq\top\vhdl\tsls_wb_pcie_to_b4sq-a_rtl.vhd (N/A, 2022-02-27 17:17:00) <-- (may instantiate this module)
                        C:\project\ECP5_Wishbone\soc\units\pcie_subsys\units\tsls_wb_pcie_to_b4sq\top\vhdl\tsls_wb_pcie_to_b4sq-e.vhd (N/A, 2022-02-27 17:17:00) <-- (may instantiate this module)
                        C:\project\ECP5_Wishbone\soc\units\pcie_subsys\units\tsls_wb_pcie_to_b4sq\units\b4sq_tlp_xmitter\vhdl\b4sq_tlp_queue-a_rtl.vhd (N/A, 2022-02-27 17:17:00) <-- (may instantiate this module)
                        C:\project\ECP5_Wishbone\soc\units\pcie_subsys\units\tsls_wb_pcie_to_b4sq\units\b4sq_tlp_xmitter\vhdl\b4sq_tlp_queue-e.vhd (N/A, 2022-02-27 17:17:00) <-- (may instantiate this module)
                        C:\project\ECP5_Wishbone\soc\units\pcie_subsys\units\tsls_wb_pcie_to_b4sq\units\b4sq_tlp_xmitter\vhdl\b4sq_tlp_queue_ctl-a_rtl.vhd (N/A, 2022-02-27 17:17:00) <-- (architecture definition)
                        C:\project\ECP5_Wishbone\soc\units\pcie_subsys\units\tsls_wb_pcie_to_b4sq\units\b4sq_tlp_xmitter\vhdl\b4sq_tlp_xmitter-a_rtl.vhd (N/A, 2022-02-27 17:17:00) <-- (may instantiate this module)
                        C:\project\ECP5_Wishbone\soc\units\pcie_subsys\units\tsls_wb_pcie_to_b4sq\units\b4sq_tlp_xmitter\vhdl\b4sq_tlp_xmitter-e.vhd (N/A, 2022-02-27 17:17:00) <-- (may instantiate this module)
15       work.b4sq_tlp_xmitter.rtl may have changed because the following files changed:
                        C:\project\ECP5_Wishbone\soc\top\core_ae53\vhdl\core_ae53-a_rtl.vhd (N/A, 2022-02-27 17:16:59) <-- (may instantiate this module)
                        C:\project\ECP5_Wishbone\soc\top\core_ae53\vhdl\core_ae53-e.vhd (N/A, 2022-02-27 17:16:59) <-- (may instantiate this module)
                        C:\project\ECP5_Wishbone\soc\top\versa_ecp5\vhdl\versa_ecp5-a_rtl.vhd (N/A, 2022-02-27 17:16:59) <-- (may instantiate this module)
                        C:\project\ECP5_Wishbone\soc\top\versa_ecp5\vhdl\versa_ecp5-e.vhd (N/A, 2022-02-27 17:16:59) <-- (may instantiate this module)
                        C:\project\ECP5_Wishbone\soc\units\pcie_subsys\top\vhdl\pcie_subsys-a_rtl.vhd (N/A, 2022-02-27 17:17:00) <-- (may instantiate this module)
                        C:\project\ECP5_Wishbone\soc\units\pcie_subsys\top\vhdl\pcie_subsys-e.vhd (N/A, 2022-02-27 17:16:59) <-- (may instantiate this module)
                        C:\project\ECP5_Wishbone\soc\units\pcie_subsys\units\tsls_wb_pcie_to_b4sq\top\vhdl\tsls_wb_pcie_to_b4sq-a_rtl.vhd (N/A, 2022-02-27 17:17:00) <-- (may instantiate this module)
                        C:\project\ECP5_Wishbone\soc\units\pcie_subsys\units\tsls_wb_pcie_to_b4sq\top\vhdl\tsls_wb_pcie_to_b4sq-e.vhd (N/A, 2022-02-27 17:17:00) <-- (may instantiate this module)
                        C:\project\ECP5_Wishbone\soc\units\pcie_subsys\units\tsls_wb_pcie_to_b4sq\units\b4sq_tlp_xmitter\vhdl\b4sq_tlp_xmitter-a_rtl.vhd (N/A, 2022-02-27 17:17:00) <-- (architecture definition)
17       work.core_ae53.rtl may have changed because the following files changed:
                        C:\project\ECP5_Wishbone\soc\top\core_ae53\vhdl\core_ae53-a_rtl.vhd (N/A, 2022-02-27 17:16:59) <-- (architecture definition)
                        C:\project\ECP5_Wishbone\soc\top\versa_ecp5\vhdl\versa_ecp5-a_rtl.vhd (N/A, 2022-02-27 17:16:59) <-- (may instantiate this module)
                        C:\project\ECP5_Wishbone\soc\top\versa_ecp5\vhdl\versa_ecp5-e.vhd (N/A, 2022-02-27 17:16:59) <-- (may instantiate this module)
19       work.lscc_pcie_x1_ip.rtl may have changed because the following files changed:
                        C:\project\ECP5_Wishbone\soc\top\core_ae53\vhdl\core_ae53-a_rtl.vhd (N/A, 2022-02-27 17:16:59) <-- (may instantiate this module)
                        C:\project\ECP5_Wishbone\soc\top\core_ae53\vhdl\core_ae53-e.vhd (N/A, 2022-02-27 17:16:59) <-- (may instantiate this module)
                        C:\project\ECP5_Wishbone\soc\top\versa_ecp5\vhdl\versa_ecp5-a_rtl.vhd (N/A, 2022-02-27 17:16:59) <-- (may instantiate this module)
                        C:\project\ECP5_Wishbone\soc\top\versa_ecp5\vhdl\versa_ecp5-e.vhd (N/A, 2022-02-27 17:16:59) <-- (may instantiate this module)
                        C:\project\ECP5_Wishbone\soc\units\pcie_subsys\top\vhdl\pcie_subsys-a_rtl.vhd (N/A, 2022-02-27 17:17:00) <-- (may instantiate this module)
                        C:\project\ECP5_Wishbone\soc\units\pcie_subsys\top\vhdl\pcie_subsys-e.vhd (N/A, 2022-02-27 17:16:59) <-- (may instantiate this module)
                        C:\project\ECP5_Wishbone\soc\units\pcie_subsys\units\lscc_pcie_x1_ip\vhdl\lscc_pcie_x1_ip-a_rtl.vhd (N/A, 2022-02-27 17:17:00) <-- (architecture definition)
21       work.pcie_rsrc_decode.rtl may have changed because the following files changed:
                        C:\project\ECP5_Wishbone\soc\top\core_ae53\vhdl\core_ae53-a_rtl.vhd (N/A, 2022-02-27 17:16:59) <-- (may instantiate this module)
                        C:\project\ECP5_Wishbone\soc\top\core_ae53\vhdl\core_ae53-e.vhd (N/A, 2022-02-27 17:16:59) <-- (may instantiate this module)
                        C:\project\ECP5_Wishbone\soc\top\versa_ecp5\vhdl\versa_ecp5-a_rtl.vhd (N/A, 2022-02-27 17:16:59) <-- (may instantiate this module)
                        C:\project\ECP5_Wishbone\soc\top\versa_ecp5\vhdl\versa_ecp5-e.vhd (N/A, 2022-02-27 17:16:59) <-- (may instantiate this module)
                        C:\project\ECP5_Wishbone\soc\units\pcie_rsrc_decode\vhdl\pcie_rsrc_decode-a_rtl.vhd (N/A, 2022-02-27 17:16:59) <-- (architecture definition)
23       work.pcie_subsys.rtl may have changed because the following files changed:
                        C:\project\ECP5_Wishbone\soc\top\core_ae53\vhdl\core_ae53-a_rtl.vhd (N/A, 2022-02-27 17:16:59) <-- (may instantiate this module)
                        C:\project\ECP5_Wishbone\soc\top\core_ae53\vhdl\core_ae53-e.vhd (N/A, 2022-02-27 17:16:59) <-- (may instantiate this module)
                        C:\project\ECP5_Wishbone\soc\top\versa_ecp5\vhdl\versa_ecp5-a_rtl.vhd (N/A, 2022-02-27 17:16:59) <-- (may instantiate this module)
                        C:\project\ECP5_Wishbone\soc\top\versa_ecp5\vhdl\versa_ecp5-e.vhd (N/A, 2022-02-27 17:16:59) <-- (may instantiate this module)
                        C:\project\ECP5_Wishbone\soc\units\pcie_subsys\top\vhdl\pcie_subsys-a_rtl.vhd (N/A, 2022-02-27 17:17:00) <-- (architecture definition)
25       work.pcie_x1_e5.verilog may have changed because the following files changed:
                        C:\project\ECP5_Wishbone\soc\top\core_ae53\vhdl\core_ae53-a_rtl.vhd (N/A, 2022-02-27 17:16:59) <-- (may instantiate this module)
                        C:\project\ECP5_Wishbone\soc\top\core_ae53\vhdl\core_ae53-e.vhd (N/A, 2022-02-27 17:16:59) <-- (may instantiate this module)
                        C:\project\ECP5_Wishbone\soc\top\versa_ecp5\vhdl\versa_ecp5-a_rtl.vhd (N/A, 2022-02-27 17:16:59) <-- (may instantiate this module)
                        C:\project\ECP5_Wishbone\soc\top\versa_ecp5\vhdl\versa_ecp5-e.vhd (N/A, 2022-02-27 17:16:59) <-- (may instantiate this module)
                        C:\project\ECP5_Wishbone\soc\units\pcie_subsys\top\vhdl\pcie_subsys-a_rtl.vhd (N/A, 2022-02-27 17:17:00) <-- (may instantiate this module)
                        C:\project\ECP5_Wishbone\soc\units\pcie_subsys\top\vhdl\pcie_subsys-e.vhd (N/A, 2022-02-27 17:16:59) <-- (may instantiate this module)
                        C:\project\ECP5_Wishbone\soc\units\pcie_subsys\units\lscc_pcie_x1_ip\vhdl\lscc_pcie_x1_ip-a_rtl.vhd (N/A, 2022-02-27 17:17:00) <-- (may instantiate this module)
                        C:\project\ECP5_Wishbone\work\clarity\versa_ecp5\pcie_x1_e5\pcie_x1_e5.v (N/A, 2022-02-27 17:24:34) <-- (module definition)
26       work.rx_rsl.rx_rsl_arc may have changed because the following files changed:
                        C:\project\ECP5_Wishbone\soc\top\core_ae53\vhdl\core_ae53-a_rtl.vhd (N/A, 2022-02-27 17:16:59) <-- (may instantiate this module)
                        C:\project\ECP5_Wishbone\soc\top\core_ae53\vhdl\core_ae53-e.vhd (N/A, 2022-02-27 17:16:59) <-- (may instantiate this module)
                        C:\project\ECP5_Wishbone\soc\top\versa_ecp5\vhdl\versa_ecp5-a_rtl.vhd (N/A, 2022-02-27 17:16:59) <-- (may instantiate this module)
                        C:\project\ECP5_Wishbone\soc\top\versa_ecp5\vhdl\versa_ecp5-e.vhd (N/A, 2022-02-27 17:16:59) <-- (may instantiate this module)
                        C:\project\ECP5_Wishbone\soc\units\pcie_subsys\top\vhdl\pcie_subsys-a_rtl.vhd (N/A, 2022-02-27 17:17:00) <-- (may instantiate this module)
                        C:\project\ECP5_Wishbone\soc\units\pcie_subsys\top\vhdl\pcie_subsys-e.vhd (N/A, 2022-02-27 17:16:59) <-- (may instantiate this module)
                        C:\project\ECP5_Wishbone\soc\units\pcie_subsys\units\lscc_pcie_x1_ip\vhdl\lscc_pcie_x1_ip-a_rtl.vhd (N/A, 2022-02-27 17:17:00) <-- (may instantiate this module)
                        C:\project\ECP5_Wishbone\soc\units\pcie_subsys\units\rx_rsl\vhdl\rx_rsl.vhd (N/A, 2022-02-27 17:17:00) <-- (architecture and entity definition)
                        C:\project\ECP5_Wishbone\work\clarity\versa_ecp5\pcie_x1_e5\pcie_x1_e5.v (N/A, 2022-02-27 17:24:34) <-- (may instantiate this module)
                        C:\project\ECP5_Wishbone\work\clarity\versa_ecp5\pcie_x1_e5\x_pcie\pcie_eval\models\ecp5um\x_pcie_pcs.v (N/A, 2022-02-27 17:16:58) <-- (may instantiate this module)
                        C:\project\ECP5_Wishbone\work\clarity\versa_ecp5\pcie_x1_e5\x_pcie\pcie_eval\models\ecp5um\x_pcie_phy.v (N/A, 2022-02-27 17:22:23) <-- (may instantiate this module)
                        C:\project\ECP5_Wishbone\work\clarity\versa_ecp5\pcie_x1_e5\x_pcie\x_pcie.v (N/A, 2022-02-27 17:22:23) <-- (may instantiate this module)
28       work.tsls_wb_bmram.rtl may have changed because the following files changed:
                        C:\project\ECP5_Wishbone\soc\top\core_ae53\vhdl\core_ae53-a_rtl.vhd (N/A, 2022-02-27 17:16:59) <-- (may instantiate this module)
                        C:\project\ECP5_Wishbone\soc\top\core_ae53\vhdl\core_ae53-e.vhd (N/A, 2022-02-27 17:16:59) <-- (may instantiate this module)
                        C:\project\ECP5_Wishbone\soc\top\versa_ecp5\vhdl\versa_ecp5-a_rtl.vhd (N/A, 2022-02-27 17:16:59) <-- (may instantiate this module)
                        C:\project\ECP5_Wishbone\soc\top\versa_ecp5\vhdl\versa_ecp5-e.vhd (N/A, 2022-02-27 17:16:59) <-- (may instantiate this module)
                        C:\project\ECP5_Wishbone\soc\units\tsls_wb_bmram\top\vhdl\tsls_wb_bmram-a_rtl.vhd (N/A, 2022-02-27 17:17:00) <-- (architecture definition)
30       work.tsls_wb_pcie_to_b4sq.rtl may have changed because the following files changed:
                        C:\project\ECP5_Wishbone\soc\top\core_ae53\vhdl\core_ae53-a_rtl.vhd (N/A, 2022-02-27 17:16:59) <-- (may instantiate this module)
                        C:\project\ECP5_Wishbone\soc\top\core_ae53\vhdl\core_ae53-e.vhd (N/A, 2022-02-27 17:16:59) <-- (may instantiate this module)
                        C:\project\ECP5_Wishbone\soc\top\versa_ecp5\vhdl\versa_ecp5-a_rtl.vhd (N/A, 2022-02-27 17:16:59) <-- (may instantiate this module)
                        C:\project\ECP5_Wishbone\soc\top\versa_ecp5\vhdl\versa_ecp5-e.vhd (N/A, 2022-02-27 17:16:59) <-- (may instantiate this module)
                        C:\project\ECP5_Wishbone\soc\units\pcie_subsys\top\vhdl\pcie_subsys-a_rtl.vhd (N/A, 2022-02-27 17:17:00) <-- (may instantiate this module)
                        C:\project\ECP5_Wishbone\soc\units\pcie_subsys\top\vhdl\pcie_subsys-e.vhd (N/A, 2022-02-27 17:16:59) <-- (may instantiate this module)
                        C:\project\ECP5_Wishbone\soc\units\pcie_subsys\units\tsls_wb_pcie_to_b4sq\top\vhdl\tsls_wb_pcie_to_b4sq-a_rtl.vhd (N/A, 2022-02-27 17:17:00) <-- (architecture definition)
32       work.tspc_cdc_sig.rtl may have changed because the following files changed:
                        C:\project\ECP5_Wishbone\soc\common\units\tspc_cdc_sig\vhdl\tspc_cdc_sig-a_rtl.vhd (N/A, 2022-02-27 17:17:00) <-- (architecture definition)
                        C:\project\ECP5_Wishbone\soc\top\core_ae53\vhdl\core_ae53-a_rtl.vhd (N/A, 2022-02-27 17:16:59) <-- (may instantiate this module)
                        C:\project\ECP5_Wishbone\soc\top\core_ae53\vhdl\core_ae53-e.vhd (N/A, 2022-02-27 17:16:59) <-- (may instantiate this module)
                        C:\project\ECP5_Wishbone\soc\top\versa_ecp5\vhdl\versa_ecp5-a_rtl.vhd (N/A, 2022-02-27 17:16:59) <-- (may instantiate this module)
                        C:\project\ECP5_Wishbone\soc\top\versa_ecp5\vhdl\versa_ecp5-e.vhd (N/A, 2022-02-27 17:16:59) <-- (may instantiate this module)
                        C:\project\ECP5_Wishbone\soc\units\pcie_subsys\top\vhdl\pcie_subsys-a_rtl.vhd (N/A, 2022-02-27 17:17:00) <-- (may instantiate this module)
                        C:\project\ECP5_Wishbone\soc\units\pcie_subsys\top\vhdl\pcie_subsys-e.vhd (N/A, 2022-02-27 17:16:59) <-- (may instantiate this module)
34       work.tspc_fifo_ctl_sync.rtl may have changed because the following files changed:
                        C:\project\ECP5_Wishbone\soc\common\units\tspc_fifo_ctl_sync\vhdl\tspc_fifo_ctl_sync-a_rtl.vhd (N/A, 2022-02-27 17:17:00) <-- (architecture definition)
                        C:\project\ECP5_Wishbone\soc\common\units\tspc_fifo_sync\top\vhdl\tspc_fifo_sync-a_rtl.vhd (N/A, 2022-02-27 17:17:00) <-- (may instantiate this module)
                        C:\project\ECP5_Wishbone\soc\common\units\tspc_fifo_sync\top\vhdl\tspc_fifo_sync-e.vhd (N/A, 2022-02-27 17:17:00) <-- (may instantiate this module)
                        C:\project\ECP5_Wishbone\soc\top\core_ae53\vhdl\core_ae53-a_rtl.vhd (N/A, 2022-02-27 17:16:59) <-- (may instantiate this module)
                        C:\project\ECP5_Wishbone\soc\top\core_ae53\vhdl\core_ae53-e.vhd (N/A, 2022-02-27 17:16:59) <-- (may instantiate this module)
                        C:\project\ECP5_Wishbone\soc\top\versa_ecp5\vhdl\versa_ecp5-a_rtl.vhd (N/A, 2022-02-27 17:16:59) <-- (may instantiate this module)
                        C:\project\ECP5_Wishbone\soc\top\versa_ecp5\vhdl\versa_ecp5-e.vhd (N/A, 2022-02-27 17:16:59) <-- (may instantiate this module)
                        C:\project\ECP5_Wishbone\soc\units\pcie_subsys\top\vhdl\pcie_subsys-a_rtl.vhd (N/A, 2022-02-27 17:17:00) <-- (may instantiate this module)
                        C:\project\ECP5_Wishbone\soc\units\pcie_subsys\top\vhdl\pcie_subsys-e.vhd (N/A, 2022-02-27 17:16:59) <-- (may instantiate this module)
                        C:\project\ECP5_Wishbone\soc\units\pcie_subsys\units\tsls_wb_pcie_to_b4sq\top\vhdl\tsls_wb_pcie_to_b4sq-a_rtl.vhd (N/A, 2022-02-27 17:17:00) <-- (may instantiate this module)
                        C:\project\ECP5_Wishbone\soc\units\pcie_subsys\units\tsls_wb_pcie_to_b4sq\top\vhdl\tsls_wb_pcie_to_b4sq-e.vhd (N/A, 2022-02-27 17:17:00) <-- (may instantiate this module)
                        C:\project\ECP5_Wishbone\soc\units\pcie_subsys\units\tsls_wb_pcie_to_b4sq\units\b4sq_pkt_rx_fifo\vhdl\b4sq_pkt_rx_fifo-a_rtl.vhd (N/A, 2022-02-27 17:17:00) <-- (may instantiate this module)
                        C:\project\ECP5_Wishbone\soc\units\pcie_subsys\units\tsls_wb_pcie_to_b4sq\units\b4sq_pkt_rx_fifo\vhdl\b4sq_pkt_rx_fifo-e.vhd (N/A, 2022-02-27 17:17:00) <-- (may instantiate this module)
                        C:\project\ECP5_Wishbone\soc\units\pcie_subsys\units\tsls_wb_pcie_to_b4sq\units\b4sq_tlp_xmitter\vhdl\b4sq_tlp_queue-a_rtl.vhd (N/A, 2022-02-27 17:17:00) <-- (may instantiate this module)
                        C:\project\ECP5_Wishbone\soc\units\pcie_subsys\units\tsls_wb_pcie_to_b4sq\units\b4sq_tlp_xmitter\vhdl\b4sq_tlp_queue-e.vhd (N/A, 2022-02-27 17:17:00) <-- (may instantiate this module)
                        C:\project\ECP5_Wishbone\soc\units\pcie_subsys\units\tsls_wb_pcie_to_b4sq\units\b4sq_tlp_xmitter\vhdl\b4sq_tlp_xmitter-a_rtl.vhd (N/A, 2022-02-27 17:17:00) <-- (may instantiate this module)
    (1 more file changes not listed)
36       work.tspc_fifo_sync.rtl may have changed because the following files changed:
                        C:\project\ECP5_Wishbone\soc\common\units\tspc_fifo_sync\top\vhdl\tspc_fifo_sync-a_rtl.vhd (N/A, 2022-02-27 17:17:00) <-- (architecture definition)
                        C:\project\ECP5_Wishbone\soc\top\core_ae53\vhdl\core_ae53-a_rtl.vhd (N/A, 2022-02-27 17:16:59) <-- (may instantiate this module)
                        C:\project\ECP5_Wishbone\soc\top\core_ae53\vhdl\core_ae53-e.vhd (N/A, 2022-02-27 17:16:59) <-- (may instantiate this module)
                        C:\project\ECP5_Wishbone\soc\top\versa_ecp5\vhdl\versa_ecp5-a_rtl.vhd (N/A, 2022-02-27 17:16:59) <-- (may instantiate this module)
                        C:\project\ECP5_Wishbone\soc\top\versa_ecp5\vhdl\versa_ecp5-e.vhd (N/A, 2022-02-27 17:16:59) <-- (may instantiate this module)
                        C:\project\ECP5_Wishbone\soc\units\pcie_subsys\top\vhdl\pcie_subsys-a_rtl.vhd (N/A, 2022-02-27 17:17:00) <-- (may instantiate this module)
                        C:\project\ECP5_Wishbone\soc\units\pcie_subsys\top\vhdl\pcie_subsys-e.vhd (N/A, 2022-02-27 17:16:59) <-- (may instantiate this module)
                        C:\project\ECP5_Wishbone\soc\units\pcie_subsys\units\tsls_wb_pcie_to_b4sq\top\vhdl\tsls_wb_pcie_to_b4sq-a_rtl.vhd (N/A, 2022-02-27 17:17:00) <-- (may instantiate this module)
                        C:\project\ECP5_Wishbone\soc\units\pcie_subsys\units\tsls_wb_pcie_to_b4sq\top\vhdl\tsls_wb_pcie_to_b4sq-e.vhd (N/A, 2022-02-27 17:17:00) <-- (may instantiate this module)
                        C:\project\ECP5_Wishbone\soc\units\pcie_subsys\units\tsls_wb_pcie_to_b4sq\units\b4sq_tlp_xmitter\vhdl\b4sq_tlp_queue-a_rtl.vhd (N/A, 2022-02-27 17:17:00) <-- (may instantiate this module)
                        C:\project\ECP5_Wishbone\soc\units\pcie_subsys\units\tsls_wb_pcie_to_b4sq\units\b4sq_tlp_xmitter\vhdl\b4sq_tlp_queue-e.vhd (N/A, 2022-02-27 17:17:00) <-- (may instantiate this module)
                        C:\project\ECP5_Wishbone\soc\units\pcie_subsys\units\tsls_wb_pcie_to_b4sq\units\b4sq_tlp_xmitter\vhdl\b4sq_tlp_xmitter-a_rtl.vhd (N/A, 2022-02-27 17:17:00) <-- (may instantiate this module)
                        C:\project\ECP5_Wishbone\soc\units\pcie_subsys\units\tsls_wb_pcie_to_b4sq\units\b4sq_tlp_xmitter\vhdl\b4sq_tlp_xmitter-e.vhd (N/A, 2022-02-27 17:17:00) <-- (may instantiate this module)
38       work.tspc_fifo_sync_mem.rtl may have changed because the following files changed:
                        C:\project\ECP5_Wishbone\soc\common\units\tspc_fifo_sync\tech\vhdl\tspc_fifo_sync_mem-a_rtl.vhd (N/A, 2022-02-27 17:17:00) <-- (architecture definition)
                        C:\project\ECP5_Wishbone\soc\common\units\tspc_fifo_sync\top\vhdl\tspc_fifo_sync-a_rtl.vhd (N/A, 2022-02-27 17:17:00) <-- (may instantiate this module)
                        C:\project\ECP5_Wishbone\soc\common\units\tspc_fifo_sync\top\vhdl\tspc_fifo_sync-e.vhd (N/A, 2022-02-27 17:17:00) <-- (may instantiate this module)
                        C:\project\ECP5_Wishbone\soc\top\core_ae53\vhdl\core_ae53-a_rtl.vhd (N/A, 2022-02-27 17:16:59) <-- (may instantiate this module)
                        C:\project\ECP5_Wishbone\soc\top\core_ae53\vhdl\core_ae53-e.vhd (N/A, 2022-02-27 17:16:59) <-- (may instantiate this module)
                        C:\project\ECP5_Wishbone\soc\top\versa_ecp5\vhdl\versa_ecp5-a_rtl.vhd (N/A, 2022-02-27 17:16:59) <-- (may instantiate this module)
                        C:\project\ECP5_Wishbone\soc\top\versa_ecp5\vhdl\versa_ecp5-e.vhd (N/A, 2022-02-27 17:16:59) <-- (may instantiate this module)
                        C:\project\ECP5_Wishbone\soc\units\pcie_subsys\top\vhdl\pcie_subsys-a_rtl.vhd (N/A, 2022-02-27 17:17:00) <-- (may instantiate this module)
                        C:\project\ECP5_Wishbone\soc\units\pcie_subsys\top\vhdl\pcie_subsys-e.vhd (N/A, 2022-02-27 17:16:59) <-- (may instantiate this module)
                        C:\project\ECP5_Wishbone\soc\units\pcie_subsys\units\tsls_wb_pcie_to_b4sq\top\vhdl\tsls_wb_pcie_to_b4sq-a_rtl.vhd (N/A, 2022-02-27 17:17:00) <-- (may instantiate this module)
                        C:\project\ECP5_Wishbone\soc\units\pcie_subsys\units\tsls_wb_pcie_to_b4sq\top\vhdl\tsls_wb_pcie_to_b4sq-e.vhd (N/A, 2022-02-27 17:17:00) <-- (may instantiate this module)
                        C:\project\ECP5_Wishbone\soc\units\pcie_subsys\units\tsls_wb_pcie_to_b4sq\units\b4sq_tlp_xmitter\vhdl\b4sq_tlp_queue-a_rtl.vhd (N/A, 2022-02-27 17:17:00) <-- (may instantiate this module)
                        C:\project\ECP5_Wishbone\soc\units\pcie_subsys\units\tsls_wb_pcie_to_b4sq\units\b4sq_tlp_xmitter\vhdl\b4sq_tlp_queue-e.vhd (N/A, 2022-02-27 17:17:00) <-- (may instantiate this module)
                        C:\project\ECP5_Wishbone\soc\units\pcie_subsys\units\tsls_wb_pcie_to_b4sq\units\b4sq_tlp_xmitter\vhdl\b4sq_tlp_xmitter-a_rtl.vhd (N/A, 2022-02-27 17:17:00) <-- (may instantiate this module)
                        C:\project\ECP5_Wishbone\soc\units\pcie_subsys\units\tsls_wb_pcie_to_b4sq\units\b4sq_tlp_xmitter\vhdl\b4sq_tlp_xmitter-e.vhd (N/A, 2022-02-27 17:17:00) <-- (may instantiate this module)
40       work.tspc_rtc.rtl may have changed because the following files changed:
                        C:\project\ECP5_Wishbone\soc\top\core_ae53\vhdl\core_ae53-a_rtl.vhd (N/A, 2022-02-27 17:16:59) <-- (may instantiate this module)
                        C:\project\ECP5_Wishbone\soc\top\core_ae53\vhdl\core_ae53-e.vhd (N/A, 2022-02-27 17:16:59) <-- (may instantiate this module)
                        C:\project\ECP5_Wishbone\soc\top\versa_ecp5\vhdl\versa_ecp5-a_rtl.vhd (N/A, 2022-02-27 17:16:59) <-- (may instantiate this module)
                        C:\project\ECP5_Wishbone\soc\top\versa_ecp5\vhdl\versa_ecp5-e.vhd (N/A, 2022-02-27 17:16:59) <-- (may instantiate this module)
                        C:\project\ECP5_Wishbone\soc\units\tspc_rtc\vhdl\tspc_rtc-a_rtl.vhd (N/A, 2022-02-27 17:17:00) <-- (architecture definition)
42       work.tspc_wb_ebr_ctl.rtl may have changed because the following files changed:
                        C:\project\ECP5_Wishbone\soc\top\core_ae53\vhdl\core_ae53-a_rtl.vhd (N/A, 2022-02-27 17:16:59) <-- (may instantiate this module)
                        C:\project\ECP5_Wishbone\soc\top\core_ae53\vhdl\core_ae53-e.vhd (N/A, 2022-02-27 17:16:59) <-- (may instantiate this module)
                        C:\project\ECP5_Wishbone\soc\top\versa_ecp5\vhdl\versa_ecp5-a_rtl.vhd (N/A, 2022-02-27 17:16:59) <-- (may instantiate this module)
                        C:\project\ECP5_Wishbone\soc\top\versa_ecp5\vhdl\versa_ecp5-e.vhd (N/A, 2022-02-27 17:16:59) <-- (may instantiate this module)
                        C:\project\ECP5_Wishbone\soc\units\tsls_wb_bmram\top\vhdl\tsls_wb_bmram-a_rtl.vhd (N/A, 2022-02-27 17:17:00) <-- (may instantiate this module)
                        C:\project\ECP5_Wishbone\soc\units\tsls_wb_bmram\top\vhdl\tsls_wb_bmram-e.vhd (N/A, 2022-02-27 17:17:00) <-- (may instantiate this module)
                        C:\project\ECP5_Wishbone\soc\units\tsls_wb_bmram\units\tspc_wb_ebr_ctl\vhdl\tspc_wb_ebr_ctl-a_rtl.vhd (N/A, 2022-02-27 17:17:00) <-- (architecture definition)
44       work.versa_ecp5.rtl may have changed because the following files changed:
                        C:\project\ECP5_Wishbone\soc\top\versa_ecp5\vhdl\versa_ecp5-a_rtl.vhd (N/A, 2022-02-27 17:16:59) <-- (architecture definition)
46       work.x_cref.verilog may have changed because the following files changed:
                        C:\project\ECP5_Wishbone\soc\top\core_ae53\vhdl\core_ae53-a_rtl.vhd (N/A, 2022-02-27 17:16:59) <-- (may instantiate this module)
                        C:\project\ECP5_Wishbone\soc\top\core_ae53\vhdl\core_ae53-e.vhd (N/A, 2022-02-27 17:16:59) <-- (may instantiate this module)
                        C:\project\ECP5_Wishbone\soc\top\versa_ecp5\vhdl\versa_ecp5-a_rtl.vhd (N/A, 2022-02-27 17:16:59) <-- (may instantiate this module)
                        C:\project\ECP5_Wishbone\soc\top\versa_ecp5\vhdl\versa_ecp5-e.vhd (N/A, 2022-02-27 17:16:59) <-- (may instantiate this module)
                        C:\project\ECP5_Wishbone\soc\units\pcie_subsys\top\vhdl\pcie_subsys-a_rtl.vhd (N/A, 2022-02-27 17:17:00) <-- (may instantiate this module)
                        C:\project\ECP5_Wishbone\soc\units\pcie_subsys\top\vhdl\pcie_subsys-e.vhd (N/A, 2022-02-27 17:16:59) <-- (may instantiate this module)
                        C:\project\ECP5_Wishbone\soc\units\pcie_subsys\units\lscc_pcie_x1_ip\vhdl\lscc_pcie_x1_ip-a_rtl.vhd (N/A, 2022-02-27 17:17:00) <-- (may instantiate this module)
                        C:\project\ECP5_Wishbone\work\clarity\versa_ecp5\pcie_x1_e5\pcie_x1_e5.v (N/A, 2022-02-27 17:24:34) <-- (may instantiate this module)
                        C:\project\ECP5_Wishbone\work\clarity\versa_ecp5\pcie_x1_e5\x_cref\x_cref.v (N/A, 2022-02-27 17:22:14) <-- (module definition)
47       work.x_pcie.verilog may have changed because the following files changed:
                        C:\project\ECP5_Wishbone\soc\top\core_ae53\vhdl\core_ae53-a_rtl.vhd (N/A, 2022-02-27 17:16:59) <-- (may instantiate this module)
                        C:\project\ECP5_Wishbone\soc\top\core_ae53\vhdl\core_ae53-e.vhd (N/A, 2022-02-27 17:16:59) <-- (may instantiate this module)
                        C:\project\ECP5_Wishbone\soc\top\versa_ecp5\vhdl\versa_ecp5-a_rtl.vhd (N/A, 2022-02-27 17:16:59) <-- (may instantiate this module)
                        C:\project\ECP5_Wishbone\soc\top\versa_ecp5\vhdl\versa_ecp5-e.vhd (N/A, 2022-02-27 17:16:59) <-- (may instantiate this module)
                        C:\project\ECP5_Wishbone\soc\units\pcie_subsys\top\vhdl\pcie_subsys-a_rtl.vhd (N/A, 2022-02-27 17:17:00) <-- (may instantiate this module)
                        C:\project\ECP5_Wishbone\soc\units\pcie_subsys\top\vhdl\pcie_subsys-e.vhd (N/A, 2022-02-27 17:16:59) <-- (may instantiate this module)
                        C:\project\ECP5_Wishbone\soc\units\pcie_subsys\units\lscc_pcie_x1_ip\vhdl\lscc_pcie_x1_ip-a_rtl.vhd (N/A, 2022-02-27 17:17:00) <-- (may instantiate this module)
                        C:\project\ECP5_Wishbone\work\clarity\versa_ecp5\pcie_x1_e5\pcie_x1_e5.v (N/A, 2022-02-27 17:24:34) <-- (may instantiate this module)
                        C:\project\ECP5_Wishbone\work\clarity\versa_ecp5\pcie_x1_e5\x_pcie\x_pcie.v (N/A, 2022-02-27 17:22:23) <-- (module definition)
48       work.x_pcie_core.verilog may have changed because the following files changed:
                        C:\project\ECP5_Wishbone\soc\top\core_ae53\vhdl\core_ae53-a_rtl.vhd (N/A, 2022-02-27 17:16:59) <-- (may instantiate this module)
                        C:\project\ECP5_Wishbone\soc\top\core_ae53\vhdl\core_ae53-e.vhd (N/A, 2022-02-27 17:16:59) <-- (may instantiate this module)
                        C:\project\ECP5_Wishbone\soc\top\versa_ecp5\vhdl\versa_ecp5-a_rtl.vhd (N/A, 2022-02-27 17:16:59) <-- (may instantiate this module)
                        C:\project\ECP5_Wishbone\soc\top\versa_ecp5\vhdl\versa_ecp5-e.vhd (N/A, 2022-02-27 17:16:59) <-- (may instantiate this module)
                        C:\project\ECP5_Wishbone\soc\units\pcie_subsys\top\vhdl\pcie_subsys-a_rtl.vhd (N/A, 2022-02-27 17:17:00) <-- (may instantiate this module)
                        C:\project\ECP5_Wishbone\soc\units\pcie_subsys\top\vhdl\pcie_subsys-e.vhd (N/A, 2022-02-27 17:16:59) <-- (may instantiate this module)
                        C:\project\ECP5_Wishbone\soc\units\pcie_subsys\units\lscc_pcie_x1_ip\vhdl\lscc_pcie_x1_ip-a_rtl.vhd (N/A, 2022-02-27 17:17:00) <-- (may instantiate this module)
                        C:\project\ECP5_Wishbone\work\clarity\versa_ecp5\pcie_x1_e5\pcie_x1_e5.v (N/A, 2022-02-27 17:24:34) <-- (may instantiate this module)
                        C:\project\ECP5_Wishbone\work\clarity\versa_ecp5\pcie_x1_e5\x_pcie\x_pcie.v (N/A, 2022-02-27 17:22:23) <-- (may instantiate this module)
                        C:\project\ECP5_Wishbone\work\clarity\versa_ecp5\pcie_x1_e5\x_pcie\x_pcie_core_bb.v (N/A, 2022-02-27 17:22:23) <-- (module definition)
49       work.x_pcie_ctc.verilog may have changed because the following files changed:
                        C:\project\ECP5_Wishbone\soc\top\core_ae53\vhdl\core_ae53-a_rtl.vhd (N/A, 2022-02-27 17:16:59) <-- (may instantiate this module)
                        C:\project\ECP5_Wishbone\soc\top\core_ae53\vhdl\core_ae53-e.vhd (N/A, 2022-02-27 17:16:59) <-- (may instantiate this module)
                        C:\project\ECP5_Wishbone\soc\top\versa_ecp5\vhdl\versa_ecp5-a_rtl.vhd (N/A, 2022-02-27 17:16:59) <-- (may instantiate this module)
                        C:\project\ECP5_Wishbone\soc\top\versa_ecp5\vhdl\versa_ecp5-e.vhd (N/A, 2022-02-27 17:16:59) <-- (may instantiate this module)
                        C:\project\ECP5_Wishbone\soc\units\pcie_subsys\top\vhdl\pcie_subsys-a_rtl.vhd (N/A, 2022-02-27 17:17:00) <-- (may instantiate this module)
                        C:\project\ECP5_Wishbone\soc\units\pcie_subsys\top\vhdl\pcie_subsys-e.vhd (N/A, 2022-02-27 17:16:59) <-- (may instantiate this module)
                        C:\project\ECP5_Wishbone\soc\units\pcie_subsys\units\lscc_pcie_x1_ip\vhdl\lscc_pcie_x1_ip-a_rtl.vhd (N/A, 2022-02-27 17:17:00) <-- (may instantiate this module)
                        C:\project\ECP5_Wishbone\work\clarity\versa_ecp5\pcie_x1_e5\pcie_x1_e5.v (N/A, 2022-02-27 17:24:34) <-- (may instantiate this module)
                        C:\project\ECP5_Wishbone\work\clarity\versa_ecp5\pcie_x1_e5\x_pcie\pcie_eval\models\ecp5um\x_pcie_ctc.v (N/A, 2022-02-27 17:22:23) <-- (module definition)
                        C:\project\ECP5_Wishbone\work\clarity\versa_ecp5\pcie_x1_e5\x_pcie\pcie_eval\models\ecp5um\x_pcie_phy.v (N/A, 2022-02-27 17:22:23) <-- (may instantiate this module)
                        C:\project\ECP5_Wishbone\work\clarity\versa_ecp5\pcie_x1_e5\x_pcie\pcie_eval\models\ecp5um\x_pcie_pipe.v (N/A, 2022-02-27 17:22:23) <-- (may instantiate this module)
                        C:\project\ECP5_Wishbone\work\clarity\versa_ecp5\pcie_x1_e5\x_pcie\x_pcie.v (N/A, 2022-02-27 17:22:23) <-- (may instantiate this module)
50       work.x_pcie_pcs.verilog may have changed because the following files changed:
                        C:\project\ECP5_Wishbone\soc\top\core_ae53\vhdl\core_ae53-a_rtl.vhd (N/A, 2022-02-27 17:16:59) <-- (may instantiate this module)
                        C:\project\ECP5_Wishbone\soc\top\core_ae53\vhdl\core_ae53-e.vhd (N/A, 2022-02-27 17:16:59) <-- (may instantiate this module)
                        C:\project\ECP5_Wishbone\soc\top\versa_ecp5\vhdl\versa_ecp5-a_rtl.vhd (N/A, 2022-02-27 17:16:59) <-- (may instantiate this module)
                        C:\project\ECP5_Wishbone\soc\top\versa_ecp5\vhdl\versa_ecp5-e.vhd (N/A, 2022-02-27 17:16:59) <-- (may instantiate this module)
                        C:\project\ECP5_Wishbone\soc\units\pcie_subsys\top\vhdl\pcie_subsys-a_rtl.vhd (N/A, 2022-02-27 17:17:00) <-- (may instantiate this module)
                        C:\project\ECP5_Wishbone\soc\units\pcie_subsys\top\vhdl\pcie_subsys-e.vhd (N/A, 2022-02-27 17:16:59) <-- (may instantiate this module)
                        C:\project\ECP5_Wishbone\soc\units\pcie_subsys\units\lscc_pcie_x1_ip\vhdl\lscc_pcie_x1_ip-a_rtl.vhd (N/A, 2022-02-27 17:17:00) <-- (may instantiate this module)
                        C:\project\ECP5_Wishbone\work\clarity\versa_ecp5\pcie_x1_e5\pcie_x1_e5.v (N/A, 2022-02-27 17:24:34) <-- (may instantiate this module)
                        C:\project\ECP5_Wishbone\work\clarity\versa_ecp5\pcie_x1_e5\x_pcie\pcie_eval\models\ecp5um\x_pcie_pcs.v (N/A, 2022-02-27 17:16:58) <-- (module definition)
                        C:\project\ECP5_Wishbone\work\clarity\versa_ecp5\pcie_x1_e5\x_pcie\pcie_eval\models\ecp5um\x_pcie_phy.v (N/A, 2022-02-27 17:22:23) <-- (may instantiate this module)
                        C:\project\ECP5_Wishbone\work\clarity\versa_ecp5\pcie_x1_e5\x_pcie\x_pcie.v (N/A, 2022-02-27 17:22:23) <-- (may instantiate this module)
51       work.x_pcie_pcsrsl_core.verilog may have changed because the following files changed:
                        C:\project\ECP5_Wishbone\soc\top\core_ae53\vhdl\core_ae53-a_rtl.vhd (N/A, 2022-02-27 17:16:59) <-- (may instantiate this module)
                        C:\project\ECP5_Wishbone\soc\top\core_ae53\vhdl\core_ae53-e.vhd (N/A, 2022-02-27 17:16:59) <-- (may instantiate this module)
                        C:\project\ECP5_Wishbone\soc\top\versa_ecp5\vhdl\versa_ecp5-a_rtl.vhd (N/A, 2022-02-27 17:16:59) <-- (may instantiate this module)
                        C:\project\ECP5_Wishbone\soc\top\versa_ecp5\vhdl\versa_ecp5-e.vhd (N/A, 2022-02-27 17:16:59) <-- (may instantiate this module)
                        C:\project\ECP5_Wishbone\soc\units\pcie_subsys\top\vhdl\pcie_subsys-a_rtl.vhd (N/A, 2022-02-27 17:17:00) <-- (may instantiate this module)
                        C:\project\ECP5_Wishbone\soc\units\pcie_subsys\top\vhdl\pcie_subsys-e.vhd (N/A, 2022-02-27 17:16:59) <-- (may instantiate this module)
                        C:\project\ECP5_Wishbone\soc\units\pcie_subsys\units\lscc_pcie_x1_ip\vhdl\lscc_pcie_x1_ip-a_rtl.vhd (N/A, 2022-02-27 17:17:00) <-- (may instantiate this module)
                        C:\project\ECP5_Wishbone\work\clarity\versa_ecp5\pcie_x1_e5\pcie_x1_e5.v (N/A, 2022-02-27 17:24:34) <-- (may instantiate this module)
                        C:\project\ECP5_Wishbone\work\clarity\versa_ecp5\pcie_x1_e5\x_pcie\pcie_eval\models\ecp5um\x_pcie_pcs.v (N/A, 2022-02-27 17:16:58) <-- (may instantiate this module)
                        C:\project\ECP5_Wishbone\work\clarity\versa_ecp5\pcie_x1_e5\x_pcie\pcie_eval\models\ecp5um\x_pcie_pcs_softlogic.v (N/A, 2022-02-27 17:22:23) <-- (module definition)
                        C:\project\ECP5_Wishbone\work\clarity\versa_ecp5\pcie_x1_e5\x_pcie\pcie_eval\models\ecp5um\x_pcie_phy.v (N/A, 2022-02-27 17:22:23) <-- (may instantiate this module)
                        C:\project\ECP5_Wishbone\work\clarity\versa_ecp5\pcie_x1_e5\x_pcie\x_pcie.v (N/A, 2022-02-27 17:22:23) <-- (may instantiate this module)
52       work.x_pcie_pcssll_core.verilog may have changed because the following files changed:
                        C:\project\ECP5_Wishbone\soc\top\core_ae53\vhdl\core_ae53-a_rtl.vhd (N/A, 2022-02-27 17:16:59) <-- (may instantiate this module)
                        C:\project\ECP5_Wishbone\soc\top\core_ae53\vhdl\core_ae53-e.vhd (N/A, 2022-02-27 17:16:59) <-- (may instantiate this module)
                        C:\project\ECP5_Wishbone\soc\top\versa_ecp5\vhdl\versa_ecp5-a_rtl.vhd (N/A, 2022-02-27 17:16:59) <-- (may instantiate this module)
                        C:\project\ECP5_Wishbone\soc\top\versa_ecp5\vhdl\versa_ecp5-e.vhd (N/A, 2022-02-27 17:16:59) <-- (may instantiate this module)
                        C:\project\ECP5_Wishbone\soc\units\pcie_subsys\top\vhdl\pcie_subsys-a_rtl.vhd (N/A, 2022-02-27 17:17:00) <-- (may instantiate this module)
                        C:\project\ECP5_Wishbone\soc\units\pcie_subsys\top\vhdl\pcie_subsys-e.vhd (N/A, 2022-02-27 17:16:59) <-- (may instantiate this module)
                        C:\project\ECP5_Wishbone\soc\units\pcie_subsys\units\lscc_pcie_x1_ip\vhdl\lscc_pcie_x1_ip-a_rtl.vhd (N/A, 2022-02-27 17:17:00) <-- (may instantiate this module)
                        C:\project\ECP5_Wishbone\work\clarity\versa_ecp5\pcie_x1_e5\pcie_x1_e5.v (N/A, 2022-02-27 17:24:34) <-- (may instantiate this module)
                        C:\project\ECP5_Wishbone\work\clarity\versa_ecp5\pcie_x1_e5\x_pcie\pcie_eval\models\ecp5um\x_pcie_pcs.v (N/A, 2022-02-27 17:16:58) <-- (may instantiate this module)
                        C:\project\ECP5_Wishbone\work\clarity\versa_ecp5\pcie_x1_e5\x_pcie\pcie_eval\models\ecp5um\x_pcie_pcs_softlogic.v (N/A, 2022-02-27 17:22:23) <-- (module definition)
                        C:\project\ECP5_Wishbone\work\clarity\versa_ecp5\pcie_x1_e5\x_pcie\pcie_eval\models\ecp5um\x_pcie_phy.v (N/A, 2022-02-27 17:22:23) <-- (may instantiate this module)
                        C:\project\ECP5_Wishbone\work\clarity\versa_ecp5\pcie_x1_e5\x_pcie\x_pcie.v (N/A, 2022-02-27 17:22:23) <-- (may instantiate this module)
53       work.x_pcie_phy.verilog may have changed because the following files changed:
                        C:\project\ECP5_Wishbone\soc\top\core_ae53\vhdl\core_ae53-a_rtl.vhd (N/A, 2022-02-27 17:16:59) <-- (may instantiate this module)
                        C:\project\ECP5_Wishbone\soc\top\core_ae53\vhdl\core_ae53-e.vhd (N/A, 2022-02-27 17:16:59) <-- (may instantiate this module)
                        C:\project\ECP5_Wishbone\soc\top\versa_ecp5\vhdl\versa_ecp5-a_rtl.vhd (N/A, 2022-02-27 17:16:59) <-- (may instantiate this module)
                        C:\project\ECP5_Wishbone\soc\top\versa_ecp5\vhdl\versa_ecp5-e.vhd (N/A, 2022-02-27 17:16:59) <-- (may instantiate this module)
                        C:\project\ECP5_Wishbone\soc\units\pcie_subsys\top\vhdl\pcie_subsys-a_rtl.vhd (N/A, 2022-02-27 17:17:00) <-- (may instantiate this module)
                        C:\project\ECP5_Wishbone\soc\units\pcie_subsys\top\vhdl\pcie_subsys-e.vhd (N/A, 2022-02-27 17:16:59) <-- (may instantiate this module)
                        C:\project\ECP5_Wishbone\soc\units\pcie_subsys\units\lscc_pcie_x1_ip\vhdl\lscc_pcie_x1_ip-a_rtl.vhd (N/A, 2022-02-27 17:17:00) <-- (may instantiate this module)
                        C:\project\ECP5_Wishbone\work\clarity\versa_ecp5\pcie_x1_e5\pcie_x1_e5.v (N/A, 2022-02-27 17:24:34) <-- (may instantiate this module)
                        C:\project\ECP5_Wishbone\work\clarity\versa_ecp5\pcie_x1_e5\x_pcie\pcie_eval\models\ecp5um\x_pcie_phy.v (N/A, 2022-02-27 17:22:23) <-- (module definition)
                        C:\project\ECP5_Wishbone\work\clarity\versa_ecp5\pcie_x1_e5\x_pcie\x_pcie.v (N/A, 2022-02-27 17:22:23) <-- (may instantiate this module)
54       work.x_pcie_pipe.verilog may have changed because the following files changed:
                        C:\project\ECP5_Wishbone\soc\top\core_ae53\vhdl\core_ae53-a_rtl.vhd (N/A, 2022-02-27 17:16:59) <-- (may instantiate this module)
                        C:\project\ECP5_Wishbone\soc\top\core_ae53\vhdl\core_ae53-e.vhd (N/A, 2022-02-27 17:16:59) <-- (may instantiate this module)
                        C:\project\ECP5_Wishbone\soc\top\versa_ecp5\vhdl\versa_ecp5-a_rtl.vhd (N/A, 2022-02-27 17:16:59) <-- (may instantiate this module)
                        C:\project\ECP5_Wishbone\soc\top\versa_ecp5\vhdl\versa_ecp5-e.vhd (N/A, 2022-02-27 17:16:59) <-- (may instantiate this module)
                        C:\project\ECP5_Wishbone\soc\units\pcie_subsys\top\vhdl\pcie_subsys-a_rtl.vhd (N/A, 2022-02-27 17:17:00) <-- (may instantiate this module)
                        C:\project\ECP5_Wishbone\soc\units\pcie_subsys\top\vhdl\pcie_subsys-e.vhd (N/A, 2022-02-27 17:16:59) <-- (may instantiate this module)
                        C:\project\ECP5_Wishbone\soc\units\pcie_subsys\units\lscc_pcie_x1_ip\vhdl\lscc_pcie_x1_ip-a_rtl.vhd (N/A, 2022-02-27 17:17:00) <-- (may instantiate this module)
                        C:\project\ECP5_Wishbone\work\clarity\versa_ecp5\pcie_x1_e5\pcie_x1_e5.v (N/A, 2022-02-27 17:24:34) <-- (may instantiate this module)
                        C:\project\ECP5_Wishbone\work\clarity\versa_ecp5\pcie_x1_e5\x_pcie\pcie_eval\models\ecp5um\x_pcie_phy.v (N/A, 2022-02-27 17:22:23) <-- (may instantiate this module)
                        C:\project\ECP5_Wishbone\work\clarity\versa_ecp5\pcie_x1_e5\x_pcie\pcie_eval\models\ecp5um\x_pcie_pipe.v (N/A, 2022-02-27 17:22:23) <-- (module definition)
                        C:\project\ECP5_Wishbone\work\clarity\versa_ecp5\pcie_x1_e5\x_pcie\x_pcie.v (N/A, 2022-02-27 17:22:23) <-- (may instantiate this module)
55       work.x_pcie_sync1s.verilog may have changed because the following files changed:
                        C:\project\ECP5_Wishbone\soc\top\core_ae53\vhdl\core_ae53-a_rtl.vhd (N/A, 2022-02-27 17:16:59) <-- (may instantiate this module)
                        C:\project\ECP5_Wishbone\soc\top\core_ae53\vhdl\core_ae53-e.vhd (N/A, 2022-02-27 17:16:59) <-- (may instantiate this module)
                        C:\project\ECP5_Wishbone\soc\top\versa_ecp5\vhdl\versa_ecp5-a_rtl.vhd (N/A, 2022-02-27 17:16:59) <-- (may instantiate this module)
                        C:\project\ECP5_Wishbone\soc\top\versa_ecp5\vhdl\versa_ecp5-e.vhd (N/A, 2022-02-27 17:16:59) <-- (may instantiate this module)
                        C:\project\ECP5_Wishbone\soc\units\pcie_subsys\top\vhdl\pcie_subsys-a_rtl.vhd (N/A, 2022-02-27 17:17:00) <-- (may instantiate this module)
                        C:\project\ECP5_Wishbone\soc\units\pcie_subsys\top\vhdl\pcie_subsys-e.vhd (N/A, 2022-02-27 17:16:59) <-- (may instantiate this module)
                        C:\project\ECP5_Wishbone\soc\units\pcie_subsys\units\lscc_pcie_x1_ip\vhdl\lscc_pcie_x1_ip-a_rtl.vhd (N/A, 2022-02-27 17:17:00) <-- (may instantiate this module)
                        C:\project\ECP5_Wishbone\work\clarity\versa_ecp5\pcie_x1_e5\pcie_x1_e5.v (N/A, 2022-02-27 17:24:34) <-- (may instantiate this module)
                        C:\project\ECP5_Wishbone\work\clarity\versa_ecp5\pcie_x1_e5\x_pcie\pcie_eval\models\ecp5um\x_pcie_ctc.v (N/A, 2022-02-27 17:22:23) <-- (may instantiate this module)
                        C:\project\ECP5_Wishbone\work\clarity\versa_ecp5\pcie_x1_e5\x_pcie\pcie_eval\models\ecp5um\x_pcie_phy.v (N/A, 2022-02-27 17:22:23) <-- (may instantiate this module)
                        C:\project\ECP5_Wishbone\work\clarity\versa_ecp5\pcie_x1_e5\x_pcie\pcie_eval\models\ecp5um\x_pcie_pipe.v (N/A, 2022-02-27 17:22:23) <-- (may instantiate this module)
                        C:\project\ECP5_Wishbone\work\clarity\versa_ecp5\pcie_x1_e5\x_pcie\pcie_eval\models\ecp5um\x_pcie_sync1s.v (N/A, 2022-02-27 17:22:23) <-- (module definition)
                        C:\project\ECP5_Wishbone\work\clarity\versa_ecp5\pcie_x1_e5\x_pcie\x_pcie.v (N/A, 2022-02-27 17:22:23) <-- (may instantiate this module)

*******************************************************************
Unmodified files: 0
FID:  path (timestamp)

*******************************************************************
Unchanged modules: 0
MID:  lib.cell.view
