
soc/top/core_ae53/vhdl/core_ae53_comps-p.vhd
soc/common/packages/tspc_utils/vhdl/tspc_utils-p.vhd
soc/common/packages/tspc_utils/vhdl/tspc_utils-pb.vhd
soc/units/pcie_subsys/top/vhdl/pcie_subsys_comps-p.vhd
soc/units/pcie_subsys/units/tsls_wb_pcie_to_b4sq/top/vhdl/tsls_wb_pcie_to_b4sq_comps-p.vhd
soc/common/packages/tspc_wbone_types/vhdl/tspc_wbone_types-p.vhd
soc_impl/common/packages/tspc_wbone_types/mti/tspc_wbone_types-pb.vhd
# soc/common/packages/tspc_wbone_types/vhdl/tspc_wbone_types-pb.vhd
soc/units/pcie_subsys/units/tsls_wb_pcie_to_b4sq/units/b4sq_pkt_rx_fifo/vhdl/b4sq_pkt_rx_fifo_comps-p.vhd
soc/common/packages/tspc_pcisig_types/vhdl/tspc_pcisig_types-p.vhd
soc/common/packages/tspc_pcisig_types/vhdl/tspc_pcisig_types-pb.vhd
soc/units/pcie_subsys/units/tsls_wb_pcie_to_b4sq/units/b4sq_tlp_xmitter/vhdl/b4sq_tlp_xmitter_comps-p.vhd
soc/units/pcie_subsys/units/tsls_wb_pcie_to_b4sq/units/b4sq_tlp_xmitter/vhdl/b4sq_tlp_xmitter_globals-p.vhd
soc/units/pcie_subsys/units/tsls_wb_pcie_to_b4sq/units/b4sq_tlp_xmitter/vhdl/b4sq_tlp_queue_comps-p.vhd
soc/common/units/tspc_fifo_sync/top/vhdl/tspc_fifo_sync_comps-p.vhd
soc/units/tspc_rtc/vhdl/tspc_rtc-e.vhd
soc/units/tspc_rtc/vhdl/tspc_rtc-a_rtl.vhd
soc/units/pcie_rsrc_decode/vhdl/pcie_rsrc_decode-e.vhd
soc/units/pcie_rsrc_decode/vhdl/pcie_rsrc_decode-a_rtl.vhd
soc/common/units/tspc_cdc_sig/vhdl/tspc_cdc_sig-e.vhd
soc/common/units/tspc_cdc_sig/vhdl/tspc_cdc_sig-a_rtl.vhd
soc/units/tsls_wb_bmram/units/tspc_wb_ebr_ctl/vhdl/tspc_wb_ebr_ctl-e.vhd
soc/units/tsls_wb_bmram/units/tspc_wb_ebr_ctl/vhdl/tspc_wb_ebr_ctl-a_rtl.vhd
soc/units/tsls_wb_bmram/top/vhdl/tsls_wb_bmram-e.vhd
soc/units/tsls_wb_bmram/top/vhdl/tsls_wb_bmram-a_rtl.vhd
soc/units/pcie_subsys/units/lscc_pcie_x1_ip/vhdl/lscc_pcie_x1_ip-e.vhd
soc/units/pcie_subsys/units/lscc_pcie_x1_ip/vhdl/lscc_pcie_x1_ip-a_rtl.vhd
soc/units/pcie_subsys/units/tsls_wb_pcie_to_b4sq/units/b4sq_pkt_decode/vhdl/b4sq_pkt_decode-e.vhd
soc/units/pcie_subsys/units/tsls_wb_pcie_to_b4sq/units/b4sq_pkt_decode/vhdl/b4sq_pkt_decode-a_rtl.vhd
soc/units/pcie_subsys/units/tsls_wb_pcie_to_b4sq/units/b4sq_pcie_svc/vhdl/b4sq_pcie_svc-e.vhd
soc/units/pcie_subsys/units/tsls_wb_pcie_to_b4sq/units/b4sq_pcie_svc/vhdl/b4sq_pcie_svc-a_rtl.vhd
soc/common/units/tspc_fifo_ctl_sync/vhdl/tspc_fifo_ctl_sync-e.vhd
soc/common/units/tspc_fifo_ctl_sync/vhdl/tspc_fifo_ctl_sync-a_rtl.vhd
soc/units/pcie_subsys/units/tsls_wb_pcie_to_b4sq/units/b4sq_pkt_rx_fifo/vhdl/b4sq_pkt_rx_fifo_istage-e.vhd
soc/units/pcie_subsys/units/tsls_wb_pcie_to_b4sq/units/b4sq_pkt_rx_fifo/vhdl/b4sq_pkt_rx_fifo_istage-a_rtl.vhd
soc/units/pcie_subsys/units/tsls_wb_pcie_to_b4sq/units/b4sq_pkt_rx_fifo/vhdl/b4sq_pkt_rx_fifo-e.vhd
soc/units/pcie_subsys/units/tsls_wb_pcie_to_b4sq/units/b4sq_pkt_rx_fifo/vhdl/b4sq_pkt_rx_fifo-a_rtl.vhd
soc/units/pcie_subsys/units/tsls_wb_pcie_to_b4sq/units/b4sq_tlp_xmitter/vhdl/b4sq_tlp_arbiter-e.vhd
soc/units/pcie_subsys/units/tsls_wb_pcie_to_b4sq/units/b4sq_tlp_xmitter/vhdl/b4sq_tlp_arbiter-a_rtl.vhd
soc/units/pcie_subsys/units/tsls_wb_pcie_to_b4sq/units/b4sq_tlp_xmitter/vhdl/b4sq_tlp_queue_ctl-e.vhd
soc/units/pcie_subsys/units/tsls_wb_pcie_to_b4sq/units/b4sq_tlp_xmitter/vhdl/b4sq_tlp_queue_ctl-a_rtl.vhd
soc/common/units/tspc_fifo_sync/tech/vhdl/tspc_fifo_sync_mem-e.vhd
soc/common/units/tspc_fifo_sync/tech/vhdl/tspc_fifo_sync_mem-a_rtl.vhd
soc/common/units/tspc_fifo_sync/top/vhdl/tspc_fifo_sync-e.vhd
soc/common/units/tspc_fifo_sync/top/vhdl/tspc_fifo_sync-a_rtl.vhd
soc/units/pcie_subsys/units/tsls_wb_pcie_to_b4sq/units/b4sq_tlp_xmitter/vhdl/b4sq_tlp_queue-e.vhd
soc/units/pcie_subsys/units/tsls_wb_pcie_to_b4sq/units/b4sq_tlp_xmitter/vhdl/b4sq_tlp_queue-a_rtl.vhd
soc/units/pcie_subsys/units/tsls_wb_pcie_to_b4sq/units/b4sq_tlp_xmitter/vhdl/b4sq_tlp_xmitter-e.vhd
soc/units/pcie_subsys/units/tsls_wb_pcie_to_b4sq/units/b4sq_tlp_xmitter/vhdl/b4sq_tlp_xmitter-a_rtl.vhd
soc/units/pcie_subsys/units/tsls_wb_pcie_to_b4sq/top/vhdl/tsls_wb_pcie_to_b4sq-e.vhd
soc/units/pcie_subsys/units/tsls_wb_pcie_to_b4sq/top/vhdl/tsls_wb_pcie_to_b4sq-a_rtl.vhd
soc/units/pcie_subsys/top/vhdl/pcie_subsys-e.vhd
soc/units/pcie_subsys/top/vhdl/pcie_subsys-a_rtl.vhd
soc/top/core_ae53/vhdl/core_ae53-e.vhd
soc/top/core_ae53/vhdl/core_ae53-a_rtl.vhd

