

@S |Clock Optimization Summary



#### START OF PREMAP CLOCK OPTIMIZATION REPORT #####[

5 non-gated/non-generated clock tree(s) driving 1635 clock pin(s) of sequential element(s)
0 gated/generated clock tree(s) driving 0 clock pin(s) of sequential element(s)
0 instances converted, 0 sequential instances remain driven by gated/generated clocks

============================================================================================================================ Non-Gated/Non-Generated Clocks =============================================================================================================================
Clock Tree ID     Driving Element                                                                                                     Drive Element Type     Fanout     Sample Instance                                                                                                  
-----------------------------------------------------------------------------------------------------------------------------------------------------------------------------------------------------------------------------------------------------------------------------------------
@KP:ckid0_0       U1_CORE.U1_PCIE.U2_PCIE_IP.U1_ECP5\.U1_GEN1\.U1_PCIE.x_pcie_inst.u1_pcs_pipe.pcs_clkdiv.CDIVX                       PCSCLKDIV              1212       U1_CORE.U1_PCIE.U2_PCIE_IP.U1_ECP5\.U1_GEN1\.U1_PCIE.x_pcie_inst.u1_pcs_pipe.count_ms[16:0]                      
@KP:ckid0_1       U1_CORE.U1_PCIE.U2_PCIE_IP.U1_ECP5\.U1_GEN1\.U1_PCIE.x_cref_inst.EXTREF0_inst.REFCLKO                               EXTREFB                179        U1_CORE.U1_PCIE.U2_PCIE_IP.U1_ECP5\.U1_GEN1\.U1_PCIE.x_pcie_inst.u1_pcs_pipe.pcs_top_0.rx_rsl_inst.cnt[31:0]     
@KP:ckid0_2       U1_CORE.U1_PCIE.U2_PCIE_IP.U1_ECP5\.U1_GEN1\.U1_PCIE.x_pcie_inst.u1_pcs_pipe.pcs_top_0.DCU0_inst.CH0_FF_TX_PCLK     DCUA                   52         U1_CORE.U1_PCIE.U2_PCIE_IP.U1_ECP5\.U1_GEN1\.U1_PCIE.x_pcie_inst.u1_pcs_pipe.pcs_top_0.sll_inst.pcount_diff[21:0]
@KP:ckid0_3       U1_CORE.U1_PCIE.U2_PCIE_IP.U1_ECP5\.U1_GEN1\.U1_PCIE.x_pcie_inst.u1_pcs_pipe.pcs_clkdiv.CDIV1                       PCSCLKDIV              108        U1_CORE.U1_PCIE.U2_PCIE_IP.U1_ECP5\.U1_GEN1\.U1_PCIE.x_pcie_inst.u1_pcs_pipe.cs_reqdet_sm[1]                     
@KP:ckid0_4       U1_CORE.U1_PCIE.U2_PCIE_IP.U1_ECP5\.U1_GEN1\.U1_PCIE.x_pcie_inst.u1_pcs_pipe.pcs_top_0.rx_pclk                      x_pcie_pcs             84         U1_CORE.U1_PCIE.U2_PCIE_IP.U1_ECP5\.U1_GEN1\.U1_PCIE.x_pcie_inst.u1_pcs_pipe.pipe_top_0.RxValid_chx_reg          
=========================================================================================================================================================================================================================================================================================


##### END OF CLOCK OPTIMIZATION REPORT ######

